2023-12-27 16:20:31,533 [INFO] Activator:176 - 


2023-12-27 16:20:31,539 [INFO] Activator:177 - !SESSION log4j initialized
2023-12-27 16:20:36,094 [INFO] LogOutputStream:77 - [STDOUT_REDIRECT] 
2023-12-27 16:20:38,473 [INFO] ApplicationProperties:184 - Using Application install path: C:\ST\STM32CubeIDE_1.12.1\STM32CubeIDE\plugins\com.st.stm32cube.common.mx_6.10.0.202311202037
2023-12-27 16:20:38,491 [INFO] DbMcusXml:78 - Set database path to: C:\ST\STM32CubeIDE_1.12.1\STM32CubeIDE\plugins\com.st.stm32cube.common.mx_6.10.0.202311202037\\db\/mcu/
2023-12-27 16:20:38,492 [INFO] ApiDb:274 - Set plugin database path to: C:\ST\STM32CubeIDE_1.12.1\STM32CubeIDE\plugins\com.st.stm32cube.common.mx_6.10.0.202311202037\\db\/plugins/boardmanager/
2023-12-27 16:20:38,493 [WARN] ApiDb:259 - Overriding images path with different value:  => C:\ST\STM32CubeIDE_1.12.1\STM32CubeIDE\plugins\com.st.stm32cube.common.mx_6.10.0.202311202037\\db\/plugins/mcufinder/images/
2023-12-27 16:20:38,499 [INFO] ApiDb:250 - Set database path to: C:\Users\z002m07j\.stmcufinder\plugins\mcufinder//mcu/
2023-12-27 16:20:38,501 [INFO] DbMcusAds:125 - Set database path to: C:\Users\z002m07j\.stmcufinder\plugins\mcufinder//mcu/
2023-12-27 16:20:38,503 [INFO] CrossReferenceDbSqlite:203 - Set database path to: C:\Users\z002m07j\.stmcufinder\plugins\mcufinder//mcu/cs/
2023-12-27 16:20:38,634 [INFO] RulesReader:64 - Compatibility file has been processed (297 Rules)
2023-12-27 16:20:38,743 [INFO] DbMcusXml:78 - Set database path to: C:\ST\STM32CubeIDE_1.12.1\STM32CubeIDE\plugins\com.st.stm32cube.common.mx_6.10.0.202311202037\\db\/mcu/
2023-12-27 16:20:38,743 [INFO] ApiDb:274 - Set plugin database path to: C:\ST\STM32CubeIDE_1.12.1\STM32CubeIDE\plugins\com.st.stm32cube.common.mx_6.10.0.202311202037\\db\/plugins/boardmanager/
2023-12-27 16:20:38,743 [INFO] ApiDb:261 - Set plugin images path to: C:\ST\STM32CubeIDE_1.12.1\STM32CubeIDE\plugins\com.st.stm32cube.common.mx_6.10.0.202311202037\\db\/plugins/mcufinder/images/
2023-12-27 16:20:38,744 [WARN] DbFile:41 - Overriding database path with different value: C:\Users\z002m07j\.stmcufinder\plugins\mcufinder/ => C:\Users\z002m07j\.stmcufinder\plugins\mcufinder
2023-12-27 16:20:38,744 [INFO] ApiDb:250 - Set database path to: C:\Users\z002m07j\.stmcufinder\plugins\mcufinder//mcu/
2023-12-27 16:20:38,744 [WARN] DbFile:41 - Overriding database path with different value: C:\Users\z002m07j\.stmcufinder\plugins\mcufinder/ => C:\Users\z002m07j\.stmcufinder\plugins\mcufinder
2023-12-27 16:20:38,744 [INFO] DbMcusAds:125 - Set database path to: C:\Users\z002m07j\.stmcufinder\plugins\mcufinder//mcu/
2023-12-27 16:20:38,744 [WARN] DbFile:41 - Overriding database path with different value: C:\Users\z002m07j\.stmcufinder\plugins\mcufinder/ => C:\Users\z002m07j\.stmcufinder\plugins\mcufinder
2023-12-27 16:20:38,744 [WARN] DbFile:41 - Overriding database path with different value: C:\Users\z002m07j\.stmcufinder\plugins\mcufinder/ => C:\Users\z002m07j\.stmcufinder\plugins\mcufinder
2023-12-27 16:20:38,744 [INFO] CrossReferenceDbSqlite:203 - Set database path to: C:\Users\z002m07j\.stmcufinder\plugins\mcufinder//mcu/cs/
2023-12-27 16:20:38,836 [INFO] MainPanel:264 - HeapMemory: 268435456
2023-12-27 16:20:38,915 [INFO] DbMcusXml:78 - Set database path to: C:\ST\STM32CubeIDE_1.12.1\STM32CubeIDE\plugins\com.st.stm32cube.common.mx_6.10.0.202311202037\\db\/mcu/
2023-12-27 16:20:38,916 [INFO] ApiDb:274 - Set plugin database path to: C:\ST\STM32CubeIDE_1.12.1\STM32CubeIDE\plugins\com.st.stm32cube.common.mx_6.10.0.202311202037\\db\/plugins/boardmanager/
2023-12-27 16:20:38,916 [INFO] ApiDb:261 - Set plugin images path to: C:\ST\STM32CubeIDE_1.12.1\STM32CubeIDE\plugins\com.st.stm32cube.common.mx_6.10.0.202311202037\\db\/plugins/mcufinder/images/
2023-12-27 16:20:38,916 [WARN] DbFile:41 - Overriding database path with different value: C:\Users\z002m07j\.stmcufinder\plugins\mcufinder/ => C:\Users\z002m07j\.stmcufinder\plugins\mcufinder
2023-12-27 16:20:38,916 [INFO] ApiDb:250 - Set database path to: C:\Users\z002m07j\.stmcufinder\plugins\mcufinder//mcu/
2023-12-27 16:20:38,916 [WARN] DbFile:41 - Overriding database path with different value: C:\Users\z002m07j\.stmcufinder\plugins\mcufinder/ => C:\Users\z002m07j\.stmcufinder\plugins\mcufinder
2023-12-27 16:20:38,916 [INFO] DbMcusAds:125 - Set database path to: C:\Users\z002m07j\.stmcufinder\plugins\mcufinder//mcu/
2023-12-27 16:20:38,916 [WARN] DbFile:41 - Overriding database path with different value: C:\Users\z002m07j\.stmcufinder\plugins\mcufinder/ => C:\Users\z002m07j\.stmcufinder\plugins\mcufinder
2023-12-27 16:20:38,917 [WARN] DbFile:41 - Overriding database path with different value: C:\Users\z002m07j\.stmcufinder\plugins\mcufinder/ => C:\Users\z002m07j\.stmcufinder\plugins\mcufinder
2023-12-27 16:20:38,917 [INFO] CrossReferenceDbSqlite:203 - Set database path to: C:\Users\z002m07j\.stmcufinder\plugins\mcufinder//mcu/cs/
2023-12-27 16:20:38,936 [INFO] ApplicationProperties:184 - Using Application install path: C:\ST\STM32CubeIDE_1.12.1\STM32CubeIDE\plugins\com.st.stm32cube.common.mx_6.10.0.202311202037
2023-12-27 16:20:38,937 [INFO] PluginManage:196 - Search for loadable plugins [exclusion list=, ]
2023-12-27 16:20:38,939 [INFO] PluginManage:310 - Check plugin analytics
2023-12-27 16:20:39,133 [INFO] AnalyticsPlugin:253 - Accepted Software Licenses: 
2023-12-27 16:20:39,134 [INFO] AnalyticsPlugin:255 - Accepted CMSIS Pack Licenses: 
2023-12-27 16:20:39,135 [INFO] AnalyticsPlugin:257 - Accepted Firmware Licenses: FW.F4.1.28.0
2023-12-27 16:20:39,137 [INFO] PluginManage:359 - Loaded plugin analytics (category:tool,tabindex:-1)
2023-12-27 16:20:39,138 [INFO] PluginManage:310 - Check plugin cadmodel
2023-12-27 16:20:39,157 [INFO] CADModel:105 - Init CAD model plugin
2023-12-27 16:20:39,157 [INFO] PluginManage:359 - Loaded plugin cadmodel (category:power,tabindex:5)
2023-12-27 16:20:39,158 [INFO] PluginManage:310 - Check plugin clock
2023-12-27 16:20:39,187 [INFO] PluginManage:359 - Loaded plugin clock (category:base,tabindex:2)
2023-12-27 16:20:39,187 [INFO] PluginManage:310 - Check plugin ddr
2023-12-27 16:20:39,189 [INFO] PluginManage:359 - Loaded plugin ddr (category:tool,tabindex:6)
2023-12-27 16:20:39,189 [INFO] PluginManage:310 - Check plugin filemanager
2023-12-27 16:20:39,386 [INFO] PluginManage:359 - Loaded plugin filemanager (category:base,tabindex:10)
2023-12-27 16:20:39,386 [INFO] PluginManage:310 - Check plugin ipmanager
2023-12-27 16:20:39,396 [INFO] PluginManage:359 - Loaded plugin ipmanager (category:base,tabindex:5)
2023-12-27 16:20:39,396 [INFO] PluginManage:310 - Check plugin lpbam
2023-12-27 16:20:39,422 [INFO] PluginManage:359 - Loaded plugin lpbam (category:base,tabindex:0)
2023-12-27 16:20:39,423 [INFO] PluginManage:310 - Check plugin memorymap
2023-12-27 16:20:39,452 [INFO] PluginManage:359 - Loaded plugin memorymap (category:base,tabindex:4)
2023-12-27 16:20:39,452 [INFO] PluginManage:310 - Check plugin pinoutandconfiguration
2023-12-27 16:20:39,474 [INFO] PluginManage:359 - Loaded plugin pinoutandconfiguration (category:base,tabindex:1)
2023-12-27 16:20:39,474 [INFO] PluginManage:310 - Check plugin pinoutconfig
2023-12-27 16:20:39,587 [WARN] SupportedApi:132 - Cannot load RTOS API schema: s4s-elt-must-match.1: The content of 'definitions' must match (annotation?, (simpleType | complexType)?, (unique | key | keyref)*)). A problem was found starting at: attribute.
2023-12-27 16:20:39,731 [INFO] PluginManage:359 - Loaded plugin pinoutconfig (category:base,tabindex:0)
2023-12-27 16:20:39,731 [INFO] PluginManage:310 - Check plugin power
2023-12-27 16:20:39,756 [INFO] PluginManage:359 - Loaded plugin power (category:power,tabindex:4)
2023-12-27 16:20:39,756 [INFO] PluginManage:310 - Check plugin projectmanager
2023-12-27 16:20:39,774 [INFO] PluginManage:359 - Loaded plugin projectmanager (category:projectmanager,tabindex:3)
2023-12-27 16:20:39,774 [INFO] PluginManage:310 - Check plugin thirdparty
2023-12-27 16:20:40,110 [INFO] PluginManage:359 - Loaded plugin thirdparty (category:base,tabindex:-1)
2023-12-27 16:20:40,110 [WARN] IntegrityCheckThread:84 - waiting for thirdparty lock release [integrity check]
2023-12-27 16:20:40,110 [INFO] IntegrityCheckThread:86 - entering critical section [integrity check]
2023-12-27 16:20:40,110 [INFO] PluginManage:310 - Check plugin tools
2023-12-27 16:20:40,111 [INFO] ThirdPartyUpdaterWithRetryManager:70 - Updater plugin not ready yet. [1/15]
2023-12-27 16:20:40,171 [INFO] PluginManage:359 - Loaded plugin tools (category:base,tabindex:7)
2023-12-27 16:20:40,172 [INFO] PluginManage:310 - Check plugin tutovideos
2023-12-27 16:20:40,396 [INFO] PluginManage:359 - Loaded plugin tutovideos (category:base,tabindex:-1)
2023-12-27 16:20:40,397 [INFO] PluginManage:310 - Check plugin updater
2023-12-27 16:20:40,407 [INFO] PluginManage:359 - Loaded plugin updater (category:base,tabindex:12)
2023-12-27 16:20:40,407 [INFO] PluginManage:310 - Check plugin userauth
2023-12-27 16:20:40,413 [INFO] UserAuth:114 - Init User Auth plugin
2023-12-27 16:20:40,413 [INFO] PluginManage:359 - Loaded plugin userauth (category:base,tabindex:14)
2023-12-27 16:20:40,414 [INFO] PluginManage:283 - PluginManage : Loaded plugins [17]
2023-12-27 16:20:40,642 [INFO] PinOutPanel:1499 - setPackage(No Configuration,No Configuration)
2023-12-27 16:20:40,726 [INFO] CADModel:165 - CPN selected for project level
2023-12-27 16:20:40,726 [INFO] CADModel:114 - Register for checkConnection events
2023-12-27 16:20:40,755 [INFO] IPUIPlugin:80 - create IPUIPlugin
2023-12-27 16:20:40,756 [INFO] PluginManager:220 - loadIPPluginJar : add adc
2023-12-27 16:20:40,800 [INFO] IPUIPlugin:80 - create IPUIPlugin
2023-12-27 16:20:40,801 [INFO] PluginManager:220 - loadIPPluginJar : add aes
2023-12-27 16:20:40,852 [INFO] IPUIPlugin:80 - create IPUIPlugin
2023-12-27 16:20:40,852 [INFO] PluginManager:220 - loadIPPluginJar : add can
2023-12-27 16:20:40,882 [INFO] IPUIPlugin:80 - create IPUIPlugin
2023-12-27 16:20:40,882 [INFO] PluginManager:220 - loadIPPluginJar : add comp
2023-12-27 16:20:40,925 [INFO] IPUIPlugin:80 - create IPUIPlugin
2023-12-27 16:20:40,925 [INFO] PluginManager:220 - loadIPPluginJar : add cryp
2023-12-27 16:20:40,965 [INFO] IPUIPlugin:80 - create IPUIPlugin
2023-12-27 16:20:40,966 [INFO] PluginManager:220 - loadIPPluginJar : add dfsdm
2023-12-27 16:20:40,983 [INFO] IPUIPlugin:80 - create IPUIPlugin
2023-12-27 16:20:40,983 [INFO] PluginManager:220 - loadIPPluginJar : add dma
2023-12-27 16:20:41,041 [INFO] IPUIPlugin:80 - create IPUIPlugin
2023-12-27 16:20:41,042 [INFO] PluginManager:220 - loadIPPluginJar : add dma3
2023-12-27 16:20:41,069 [INFO] IPUIPlugin:80 - create IPUIPlugin
2023-12-27 16:20:41,069 [INFO] PluginManager:220 - loadIPPluginJar : add fatfs
2023-12-27 16:20:41,127 [INFO] IPUIPlugin:80 - create IPUIPlugin
2023-12-27 16:20:41,127 [INFO] PluginManager:220 - loadIPPluginJar : add fmc
2023-12-27 16:20:41,144 [INFO] IPUIPlugin:80 - create IPUIPlugin
2023-12-27 16:20:41,144 [INFO] PluginManager:220 - loadIPPluginJar : add freertos
2023-12-27 16:20:41,172 [INFO] IPUIPlugin:80 - create IPUIPlugin
2023-12-27 16:20:41,172 [INFO] PluginManager:220 - loadIPPluginJar : add genericplugin
2023-12-27 16:20:41,294 [INFO] IPUIPlugin:80 - create IPUIPlugin
2023-12-27 16:20:41,294 [INFO] PluginManager:220 - loadIPPluginJar : add gfxmmu
2023-12-27 16:20:41,463 [INFO] IPUIPlugin:80 - create IPUIPlugin
2023-12-27 16:20:41,463 [INFO] PluginManager:220 - loadIPPluginJar : add gic
2023-12-27 16:20:41,478 [INFO] IPUIPlugin:80 - create IPUIPlugin
2023-12-27 16:20:41,479 [INFO] PluginManager:220 - loadIPPluginJar : add gpio
2023-12-27 16:20:41,588 [INFO] IPUIPlugin:80 - create IPUIPlugin
2023-12-27 16:20:41,589 [INFO] PluginManager:220 - loadIPPluginJar : add gtzc
2023-12-27 16:20:41,630 [INFO] IPUIPlugin:80 - create IPUIPlugin
2023-12-27 16:20:41,631 [INFO] PluginManager:220 - loadIPPluginJar : add hash
2023-12-27 16:20:41,700 [INFO] IPUIPlugin:80 - create IPUIPlugin
2023-12-27 16:20:41,700 [INFO] PluginManager:220 - loadIPPluginJar : add i2c
2023-12-27 16:20:41,754 [INFO] IPUIPlugin:80 - create IPUIPlugin
2023-12-27 16:20:41,755 [INFO] PluginManager:220 - loadIPPluginJar : add i2s
2023-12-27 16:20:41,807 [INFO] IPUIPlugin:80 - create IPUIPlugin
2023-12-27 16:20:41,808 [INFO] PluginManager:220 - loadIPPluginJar : add i3c
2023-12-27 16:20:41,927 [INFO] IPUIPlugin:80 - create IPUIPlugin
2023-12-27 16:20:41,927 [INFO] PluginManager:220 - loadIPPluginJar : add ipddr
2023-12-27 16:20:42,048 [INFO] IPUIPlugin:80 - create IPUIPlugin
2023-12-27 16:20:42,048 [INFO] PluginManager:220 - loadIPPluginJar : add linkedlist
2023-12-27 16:20:42,095 [INFO] IPUIPlugin:80 - create IPUIPlugin
2023-12-27 16:20:42,095 [INFO] PluginManager:220 - loadIPPluginJar : add lorawan
2023-12-27 16:20:42,144 [INFO] IPUIPlugin:80 - create IPUIPlugin
2023-12-27 16:20:42,144 [INFO] PluginManager:220 - loadIPPluginJar : add ltdc
2023-12-27 16:20:42,162 [INFO] IPUIPlugin:80 - create IPUIPlugin
2023-12-27 16:20:42,162 [INFO] PluginManager:220 - loadIPPluginJar : add mdma
2023-12-27 16:20:42,177 [INFO] IPUIPlugin:80 - create IPUIPlugin
2023-12-27 16:20:42,177 [INFO] PluginManager:220 - loadIPPluginJar : add nvic
2023-12-27 16:20:42,228 [INFO] IPUIPlugin:80 - create IPUIPlugin
2023-12-27 16:20:42,228 [INFO] PluginManager:220 - loadIPPluginJar : add opamp
2023-12-27 16:20:42,310 [INFO] IPUIPlugin:80 - create IPUIPlugin
2023-12-27 16:20:42,310 [INFO] PluginManager:220 - loadIPPluginJar : add openamp
2023-12-27 16:20:42,367 [INFO] IPUIPlugin:80 - create IPUIPlugin
2023-12-27 16:20:42,367 [INFO] PluginManager:220 - loadIPPluginJar : add pdm2pcm
2023-12-27 16:20:42,384 [INFO] IPUIPlugin:80 - create IPUIPlugin
2023-12-27 16:20:42,387 [INFO] PluginManager:220 - loadIPPluginJar : add plateformsettings
2023-12-27 16:20:42,417 [INFO] IPUIPlugin:80 - create IPUIPlugin
2023-12-27 16:20:42,417 [INFO] PluginManager:220 - loadIPPluginJar : add quadspi
2023-12-27 16:20:42,433 [INFO] IPUIPlugin:80 - create IPUIPlugin
2023-12-27 16:20:42,433 [INFO] PluginManager:220 - loadIPPluginJar : add resmgrutility
2023-12-27 16:20:42,496 [INFO] IPUIPlugin:80 - create IPUIPlugin
2023-12-27 16:20:42,497 [INFO] PluginManager:220 - loadIPPluginJar : add sai
2023-12-27 16:20:42,549 [INFO] IPUIPlugin:80 - create IPUIPlugin
2023-12-27 16:20:42,549 [INFO] PluginManager:220 - loadIPPluginJar : add spi
2023-12-27 16:20:42,639 [INFO] IPUIPlugin:80 - create IPUIPlugin
2023-12-27 16:20:42,639 [INFO] PluginManager:220 - loadIPPluginJar : add stm32_wpan
2023-12-27 16:20:42,671 [INFO] IPUIPlugin:80 - create IPUIPlugin
2023-12-27 16:20:42,672 [INFO] PluginManager:220 - loadIPPluginJar : add tim
2023-12-27 16:20:42,741 [INFO] IPUIPlugin:80 - create IPUIPlugin
2023-12-27 16:20:42,741 [INFO] PluginManager:220 - loadIPPluginJar : add touchsensing
2023-12-27 16:20:42,771 [INFO] IPUIPlugin:80 - create IPUIPlugin
2023-12-27 16:20:42,771 [INFO] PluginManager:220 - loadIPPluginJar : add tracer_emb
2023-12-27 16:20:42,803 [INFO] IPUIPlugin:80 - create IPUIPlugin
2023-12-27 16:20:42,803 [INFO] PluginManager:220 - loadIPPluginJar : add ts
2023-12-27 16:20:42,834 [INFO] IPUIPlugin:80 - create IPUIPlugin
2023-12-27 16:20:42,835 [INFO] PluginManager:220 - loadIPPluginJar : add tsc
2023-12-27 16:20:42,864 [INFO] IPUIPlugin:80 - create IPUIPlugin
2023-12-27 16:20:42,865 [INFO] PluginManager:220 - loadIPPluginJar : add ucpd
2023-12-27 16:20:42,920 [INFO] IPUIPlugin:80 - create IPUIPlugin
2023-12-27 16:20:42,920 [INFO] PluginManager:220 - loadIPPluginJar : add usart
2023-12-27 16:20:42,976 [INFO] IPUIPlugin:80 - create IPUIPlugin
2023-12-27 16:20:42,976 [INFO] PluginManager:220 - loadIPPluginJar : add usbx
2023-12-27 16:20:43,110 [INFO] CADModel:165 - CPN selected for project level
2023-12-27 16:20:43,110 [INFO] CADModel:114 - Register for checkConnection events
2023-12-27 16:20:43,111 [FATAL] Updater:308 - Updater called before beeing initialized
2023-12-27 16:20:43,111 [ERROR] CADModel:125 - Updater not yet initialized, retry later 
2023-12-27 16:20:43,113 [INFO] ThirdPartyUpdaterWithRetryManager:70 - Updater plugin not ready yet. [2/15]
2023-12-27 16:20:43,242 [INFO] CADModel:165 - CPN selected for project level
2023-12-27 16:20:43,243 [INFO] CADModel:114 - Register for checkConnection events
2023-12-27 16:20:43,243 [FATAL] Updater:308 - Updater called before beeing initialized
2023-12-27 16:20:43,243 [ERROR] CADModel:125 - Updater not yet initialized, retry later 
2023-12-27 16:20:43,246 [FATAL] Updater:308 - Updater called before beeing initialized
2023-12-27 16:20:43,367 [FATAL] Updater:308 - Updater called before beeing initialized
2023-12-27 16:20:43,381 [INFO] DbMcusAds:53 - JSON generation date=Wed Nov 29 07:52:38 ART 2023 (1701255158764)
2023-12-27 16:20:43,381 [FATAL] Updater:308 - Updater called before beeing initialized
2023-12-27 16:20:43,468 [WARN] DetailPanel:346 - Failed to get advertising image, set to default
2023-12-27 16:20:43,561 [FATAL] Updater:308 - Updater called before beeing initialized
2023-12-27 16:20:43,562 [FATAL] Updater:308 - Updater called before beeing initialized
2023-12-27 16:20:43,562 [FATAL] Updater:308 - Updater called before beeing initialized
2023-12-27 16:20:43,563 [WARN] DetailPanel:346 - Failed to get advertising image, set to default
2023-12-27 16:20:43,563 [FATAL] Updater:308 - Updater called before beeing initialized
2023-12-27 16:20:43,629 [ERROR] Updater:1120 - MainUpdater not yet initialized. External WinMGr cannot be set.
2023-12-27 16:20:43,642 [INFO] Updater:1056 - Updater Version found : 6.10.0
2023-12-27 16:20:43,658 [INFO] ApplicationProperties:184 - Using Application install path: C:\ST\STM32CubeIDE_1.12.1\STM32CubeIDE\plugins\com.st.stm32cube.common.mx_6.10.0.202311202037
2023-12-27 16:20:44,152 [INFO] MainUpdater:2873 - connection check result : 10
2023-12-27 16:20:44,152 [INFO] MainUpdater:290 - Updater Check For Update Now.
2023-12-27 16:20:44,153 [INFO] MicroXplorer:498 - Change Database Version : DB.6.0.100
2023-12-27 16:20:44,172 [INFO] McuFinderGlobals:63 - Set McuFinder mode to 2 (CubeIDE integrated)
2023-12-27 16:20:44,377 [INFO] CheckServerUpdateThread:120 - End of CheckServer Thread
2023-12-27 16:20:45,072 [INFO] UserAuth:404 - Internet connection configuration mode: 1
2023-12-27 16:20:45,093 [INFO] JxBrowserEngine:152 - Initiate JxBrowser Engine with user profile folder
2023-12-27 16:20:46,304 [WARN] PackLoader:240 - Cannot read IP mode file for STMicroelectronics.X-CUBE-SMBUS.2.1.0
2023-12-27 16:20:46,328 [WARN] PackLoader:240 - Cannot read IP mode file for STMicroelectronics.X-CUBE-TOUCHGFX.4.23.0
2023-12-27 16:20:46,413 [WARN] PackLoader:240 - Cannot read IP mode file for STMicroelectronics.X-CUBE-AZRTOS-F7.1.1.0
2023-12-27 16:20:46,446 [ERROR] RealEvaluatedCondition:428 - Found unsupported composite condition: GROUP='STM32_MetaDataManager' CLASS='Data Exchange'
2023-12-27 16:20:46,446 [ERROR] RealEvaluatedCondition:428 - Found unsupported composite condition: CLASS='Data Exchange' GROUP='STM32_MetaDataManager'
2023-12-27 16:20:46,450 [WARN] PackLoader:240 - Cannot read IP mode file for STMicroelectronics.FP-SNS-MOTENV1.4.3.0
2023-12-27 16:20:46,477 [WARN] PackLoader:240 - Cannot read IP mode file for STMicroelectronics.FP-SNS-MOTENV1.4.3.2
2023-12-27 16:20:46,499 [WARN] PackLoader:240 - Cannot read IP mode file for STMicroelectronics.FP-SNS-FLIGHT1.5.0.0
2023-12-27 16:20:46,521 [WARN] PackLoader:240 - Cannot read IP mode file for STMicroelectronics.FP-SNS-FLIGHT1.5.0.1
2023-12-27 16:20:46,548 [WARN] PackLoader:240 - Cannot read IP mode file for STMicroelectronics.X-CUBE-BLE1.6.2.4
2023-12-27 16:20:46,573 [WARN] PackLoader:240 - Cannot read IP mode file for STMicroelectronics.FP-SNS-FLIGHT1.5.0.2
2023-12-27 16:20:46,603 [WARN] PackLoader:240 - Cannot read IP mode file for STMicroelectronics.X-CUBE-DISPLAY.3.0.0
2023-12-27 16:20:46,632 [WARN] PackLoader:240 - Cannot read IP mode file for STMicroelectronics.X-CUBE-BLE1.7.0.0
2023-12-27 16:20:46,655 [WARN] PackLoader:240 - Cannot read IP mode file for STMicroelectronics.X-CUBE-TOUCHGFX.4.22.0
2023-12-27 16:20:46,674 [WARN] PackLoader:240 - Cannot read IP mode file for STMicroelectronics.X-CUBE-TOUCHGFX.4.22.1
2023-12-27 16:20:46,701 [WARN] PackLoader:240 - Cannot read IP mode file for STMicroelectronics.FP-SNS-SMARTAG2.1.2.0
2023-12-27 16:20:46,742 [INFO] LogOutputStream:77 - [STDOUT_REDIRECT] 1 : Invalid condition id : UX_CORESTACK_Condition cause : null
2023-12-27 16:20:46,743 [INFO] LogOutputStream:77 - [STDOUT_REDIRECT] 1 : Invalid condition id : UX_CORESTACK_Condition cause : null
2023-12-27 16:20:46,745 [INFO] LogOutputStream:77 - [STDOUT_REDIRECT] 1 : Invalid condition id : UX_CORESTACK_Condition cause : null
2023-12-27 16:20:46,746 [INFO] LogOutputStream:77 - [STDOUT_REDIRECT] 1 : Invalid condition id : UX_CORESTACK_Condition cause : null
2023-12-27 16:20:46,748 [INFO] LogOutputStream:77 - [STDOUT_REDIRECT] 1 : Invalid condition id : UX_CORESTACK_Condition cause : null
2023-12-27 16:20:46,753 [WARN] PackLoader:240 - Cannot read IP mode file for STMicroelectronics.X-CUBE-AZRTOS-WL.2.0.0
2023-12-27 16:20:46,786 [WARN] PackLoader:240 - Cannot read IP mode file for WES.I-CUBE-Cesium.1.3.0
2023-12-27 16:20:46,813 [WARN] PackLoader:240 - Cannot read IP mode file for STMicroelectronics.X-CUBE-BLE2.3.3.0
2023-12-27 16:20:46,843 [WARN] PackLoader:240 - Cannot read IP mode file for STMicroelectronics.X-CUBE-TOF1.3.2.0
2023-12-27 16:20:46,873 [WARN] PackLoader:240 - Cannot read IP mode file for STMicroelectronics.X-CUBE-TOUCHGFX.4.21.1
2023-12-27 16:20:46,893 [WARN] PackLoader:240 - Cannot read IP mode file for STMicroelectronics.X-CUBE-TOUCHGFX.4.21.3
2023-12-27 16:20:46,917 [WARN] PackLoader:240 - Cannot read IP mode file for STMicroelectronics.X-CUBE-ALGOBUILD.1.3.0
2023-12-27 16:20:46,947 [WARN] PackLoader:240 - Cannot read IP mode file for STMicroelectronics.X-CUBE-AZRTOS-G0.1.1.0
2023-12-27 16:20:46,969 [WARN] PackLoader:240 - Cannot read IP mode file for STMicroelectronics.X-CUBE-NFC4.3.0.0
2023-12-27 16:20:47,091 [WARN] PackLoader:240 - Cannot read IP mode file for STMicroelectronics.X-CUBE-BLEMGR.3.0.0
2023-12-27 16:20:47,112 [WARN] PackLoader:240 - Cannot read IP mode file for STMicroelectronics.FP-ATR-SIGFOX1.3.2.0
2023-12-27 16:20:47,175 [WARN] PackLoader:240 - Cannot read IP mode file for STMicroelectronics.X-CUBE-MEMS1.9.5.0
2023-12-27 16:20:47,418 [WARN] PackLoader:240 - Cannot read IP mode file for SEGGER.I-CUBE-embOS.1.3.1
2023-12-27 16:20:47,517 [WARN] PackLoader:240 - Cannot read IP mode file for SEGGER.I-CUBE-embOS.1.3.0
2023-12-27 16:20:47,591 [WARN] PackLoader:240 - Cannot read IP mode file for STMicroelectronics.X-CUBE-GNSS1.6.0.0
2023-12-27 16:20:47,662 [WARN] PackLoader:240 - Cannot read IP mode file for STMicroelectronics.X-CUBE-AZRTOS-F4.1.1.0
2023-12-27 16:20:47,723 [WARN] PackLoader:240 - Cannot read IP mode file for STMicroelectronics.X-CUBE-AZRTOS-L5.2.0.0
2023-12-27 16:20:47,789 [INFO] WebApp:161 - Instantiating new browser for Auth
2023-12-27 16:20:47,805 [WARN] PackLoader:240 - Cannot read IP mode file for STMicroelectronics.X-CUBE-MEMS1.9.6.0
2023-12-27 16:20:47,985 [WARN] PackLoader:240 - Cannot read IP mode file for STMicroelectronics.X-CUBE-EEPRMA1.4.2.0
2023-12-27 16:20:48,016 [WARN] PackLoader:240 - Cannot read IP mode file for ITTIA_DB.I-CUBE-ITTIADB.8.8.0
2023-12-27 16:20:48,051 [WARN] PackLoader:240 - Cannot read IP mode file for emotas.I-CUBE-CANOPEN.1.1.3
2023-12-27 16:20:48,078 [WARN] PackLoader:240 - Cannot read IP mode file for STMicroelectronics.X-CUBE-BLEMGR.2.0.0
2023-12-27 16:20:48,117 [WARN] ConditionMgr:438 - getConditionDescription Invalid condition id : UX DEVICE CLASS RTOS Condition cause : null
2023-12-27 16:20:48,117 [WARN] ConditionMgr:438 - getConditionDescription Invalid condition id : UX DEVICE CLASS RTOS Condition cause : null
2023-12-27 16:20:48,120 [WARN] PackLoader:240 - Cannot read IP mode file for STMicroelectronics.X-CUBE-AZRTOS-H7.3.1.0
2023-12-27 16:20:48,121 [WARN] ConditionMgr:1039 - genDependencies : Invalid condition id : UX DEVICE CLASS RTOS Condition cause : null
2023-12-27 16:20:48,121 [WARN] ConditionMgr:1039 - genDependencies : Invalid condition id : UX DEVICE CLASS RTOS Condition cause : null
2023-12-27 16:20:48,122 [WARN] ConditionMgr:1039 - genDependencies : Invalid condition id : UX DEVICE CLASS RTOS Condition cause : null
2023-12-27 16:20:48,123 [WARN] ConditionMgr:1039 - genDependencies : Invalid condition id : UX DEVICE CLASS RTOS Condition cause : null
2023-12-27 16:20:48,123 [WARN] ConditionMgr:1039 - genDependencies : Invalid condition id : UX DEVICE CLASS RTOS Condition cause : null
2023-12-27 16:20:48,144 [WARN] PackLoader:240 - Cannot read IP mode file for wolfSSL.I-CUBE-wolfSSL.5.5.4
2023-12-27 16:20:48,163 [WARN] PackLoader:240 - Cannot read IP mode file for STMicroelectronics.X-CUBE-NFC7.1.0.1
2023-12-27 16:20:48,183 [WARN] PackLoader:240 - Cannot read IP mode file for STMicroelectronics.X-CUBE-NFC7.1.0.0
2023-12-27 16:20:48,208 [WARN] PackLoader:240 - Cannot read IP mode file for STMicroelectronics.X-CUBE-NFC6.3.0.0
2023-12-27 16:20:48,232 [WARN] PackLoader:240 - Cannot read IP mode file for STMicroelectronics.X-CUBE-EEPRMA1.4.1.0
2023-12-27 16:20:48,255 [WARN] PackLoader:240 - Cannot read IP mode file for STMicroelectronics.X-CUBE-AI.8.1.0
2023-12-27 16:20:48,294 [WARN] ConditionMgr:438 - getConditionDescription Invalid condition id : LAN8742 Phy interface Condition cause : null
2023-12-27 16:20:48,294 [WARN] PackLoader:240 - Cannot read IP mode file for STMicroelectronics.X-CUBE-AZRTOS-L4.2.0.0
2023-12-27 16:20:48,296 [WARN] ConditionMgr:1039 - genDependencies : Invalid condition id : LAN8742 Phy interface Condition cause : null
2023-12-27 16:20:48,296 [WARN] ConditionMgr:1039 - genDependencies : Invalid condition id : LAN8742 Phy interface Condition cause : null
2023-12-27 16:20:48,297 [WARN] ConditionMgr:1039 - genDependencies : Invalid condition id : LAN8742 Phy interface Condition cause : null
2023-12-27 16:20:48,325 [WARN] PackLoader:240 - Cannot read IP mode file for STMicroelectronics.X-CUBE-SFXS2LP1.4.0.0
2023-12-27 16:20:48,376 [WARN] PackLoader:240 - Cannot read IP mode file for STMicroelectronics.X-CUBE-AZRTOS-H7.3.0.0
2023-12-27 16:20:48,399 [WARN] PackLoader:240 - Cannot read IP mode file for STMicroelectronics.X-CUBE-ISPU.1.1.0
2023-12-27 16:20:48,427 [WARN] PackLoader:240 - Cannot read IP mode file for RoweBots.I-CUBE-UNISONRTOS.5.5.0-4
2023-12-27 16:20:48,450 [WARN] PackLoader:240 - Cannot read IP mode file for STMicroelectronics.X-CUBE-AI.8.0.0
2023-12-27 16:20:48,481 [WARN] ConditionMgr:438 - getConditionDescription Invalid condition id : UX DEVICE CLASS RTOS Condition cause : null
2023-12-27 16:20:48,482 [WARN] ConditionMgr:438 - getConditionDescription Invalid condition id : UX DEVICE CLASS RTOS Condition cause : null
2023-12-27 16:20:48,485 [WARN] PackLoader:240 - Cannot read IP mode file for STMicroelectronics.X-CUBE-AZRTOS-WB.2.0.0
2023-12-27 16:20:48,486 [WARN] ConditionMgr:1039 - genDependencies : Invalid condition id : UX DEVICE CLASS RTOS Condition cause : null
2023-12-27 16:20:48,486 [WARN] ConditionMgr:1039 - genDependencies : Invalid condition id : UX DEVICE CLASS RTOS Condition cause : null
2023-12-27 16:20:48,486 [WARN] ConditionMgr:1039 - genDependencies : Invalid condition id : UX DEVICE CLASS RTOS Condition cause : null
2023-12-27 16:20:48,487 [WARN] ConditionMgr:1039 - genDependencies : Invalid condition id : UX DEVICE CLASS RTOS Condition cause : null
2023-12-27 16:20:48,487 [WARN] ConditionMgr:1039 - genDependencies : Invalid condition id : UX DEVICE CLASS RTOS Condition cause : null
2023-12-27 16:20:48,508 [WARN] PackLoader:240 - Cannot read IP mode file for STMicroelectronics.X-CUBE-FREERTOS.1.0.0
2023-12-27 16:20:48,532 [WARN] PackLoader:240 - Cannot read IP mode file for STMicroelectronics.X-CUBE-FREERTOS.1.0.1
2023-12-27 16:20:48,567 [WARN] PackLoader:240 - Cannot read IP mode file for STMicroelectronics.X-CUBE-AZRTOS-L5.1.1.0
2023-12-27 16:20:48,590 [WARN] PackLoader:240 - Cannot read IP mode file for STMicroelectronics.X-CUBE-AI.8.0.1
2023-12-27 16:20:48,612 [WARN] PackLoader:240 - Cannot read IP mode file for STMicroelectronics.X-CUBE-SUBG2.5.0.0
2023-12-27 16:20:48,638 [WARN] PackLoader:240 - Cannot read IP mode file for STMicroelectronics.X-CUBE-TOF1.3.3.1
2023-12-27 16:20:48,671 [WARN] PackLoader:240 - Cannot read IP mode file for STMicroelectronics.X-CUBE-AZRTOS-G4.2.0.0
2023-12-27 16:20:48,696 [WARN] PackLoader:240 - Cannot read IP mode file for STMicroelectronics.X-CUBE-TOF1.3.3.0
2023-12-27 16:20:48,703 [INFO] WebApp:780 - Register for checkConnection events
2023-12-27 16:20:48,704 [INFO] WebApp:414 - Apply proxy settings
2023-12-27 16:20:48,704 [INFO] WebApp:499 - Chromium requires no authentication
2023-12-27 16:20:48,711 [INFO] WebApp:442 - Direct internet connection detected
2023-12-27 16:20:48,718 [WARN] PackLoader:240 - Cannot read IP mode file for STMicroelectronics.FP-ATR-ASTRA1.1.1.1
2023-12-27 16:20:48,743 [WARN] PackLoader:240 - Cannot read IP mode file for Infineon.AIROC-Wi-Fi-Bluetooth-STM32.1.5.1
2023-12-27 16:20:48,761 [WARN] PackLoader:240 - Cannot read IP mode file for STMicroelectronics.FP-SNS-MOTENVWB1.1.3.0
2023-12-27 16:20:48,776 [WARN] PackLoader:240 - Cannot read IP mode file for STMicroelectronics.FP-SNS-MOTENVWB1.1.3.1
2023-12-27 16:20:48,801 [WARN] PackLoader:240 - Cannot read IP mode file for STMicroelectronics.X-CUBE-AZRTOS-G4.1.0.0
2023-12-27 16:20:48,832 [WARN] PackLoader:240 - Cannot read IP mode file for STMicroelectronics.X-CUBE-AZRTOS-L4.1.0.0
2023-12-27 16:20:48,850 [WARN] PackLoader:240 - Cannot read IP mode file for STMicroelectronics.X-CUBE-ISPU.2.0.0
2023-12-27 16:20:48,894 [WARN] PackLoader:240 - Cannot read IP mode file for STMicroelectronics.X-CUBE-MEMS1.10.0.0
2023-12-27 16:20:48,926 [INFO] WebApp:192 - Starting web application
2023-12-27 16:20:48,926 [INFO] WebApp:544 - Web application path used C:\ST\STM32CubeIDE_1.12.1\STM32CubeIDE\plugins\com.st.stm32cube.common.mx_6.10.0.202311202037\db\plugins\mcufinder\reactClient1\index.html
2023-12-27 16:20:48,987 [WARN] PackLoader:240 - Cannot read IP mode file for STMicroelectronics.X-CUBE-FREERTOS.1.1.0
2023-12-27 16:20:49,014 [WARN] PackLoader:240 - Cannot read IP mode file for STMicroelectronics.X-CUBE-AZRTOS-WL.1.0.0
2023-12-27 16:20:49,036 [WARN] PackLoader:240 - Cannot read IP mode file for portGmbH.I-Cube-SoM-uGOAL.1.1.0
2023-12-27 16:20:49,055 [WARN] PackLoader:240 - Cannot read IP mode file for STMicroelectronics.X-CUBE-ALS.1.0.1
2023-12-27 16:20:49,080 [WARN] PackLoader:240 - Cannot read IP mode file for STMicroelectronics.X-CUBE-AZRTOS-WB.1.1.0
2023-12-27 16:20:49,096 [WARN] PackLoader:240 - Cannot read IP mode file for STMicroelectronics.FP-ATR-ASTRA1.2.0.0
2023-12-27 16:20:49,125 [WARN] PackLoader:240 - Cannot read IP mode file for STMicroelectronics.X-CUBE-TOF1.3.4.0
2023-12-27 16:20:49,176 [WARN] PackLoader:240 - Cannot read IP mode file for STMicroelectronics.X-CUBE-AZRTOS-H7.3.2.0
2023-12-27 16:20:49,179 [INFO] ThirdParty:978 - Integrity check success = true
2023-12-27 16:20:49,180 [INFO] IntegrityCheckThread:100 - exiting critical section [integrity check]
2023-12-27 16:20:49,180 [INFO] IntegrityCheckThread:103 - End integrity checks thread
2023-12-27 16:25:07,158 [ERROR] LogOutputStream:75 - [STDERR_REDIRECT] 
