20:48:20 **** Build of configuration Debug for project Practica_4.2 ****
make -j12 all 
arm-none-eabi-gcc "../Src/main.c" -mcpu=cortex-m4 -std=gnu11 -g3 -DDEBUG -DUSE_HAL_DRIVER -DSTM32F401xE -c -I../Drivers/STM32F4xx_HAL_Driver/Inc -I../Drivers/STM32F4xx_HAL_Driver/Inc/Legacy -I../Drivers/CMSIS/Device/ST/STM32F4xx/Include -I../Drivers/CMSIS/Include -I"/home/fm/CESE/PdM_workspace/Practica_4.2/Drivers/API/inc" -I"/home/fm/CESE/PdM_workspace/Practica_4.2/Inc" -I/home/fm/CESE/PdM_workspace/Practica_4.2/Drivers/Core/Inc -O0 -ffunction-sections -fdata-sections -Wall -fstack-usage -fcyclomatic-complexity -MMD -MP -MF"Src/main.d" -MT"Src/main.o" --specs=nano.specs -mfpu=fpv4-sp-d16 -mfloat-abi=hard -mthumb -o "Src/main.o"
arm-none-eabi-gcc "../Drivers/STM32F4xx_HAL_Driver/Src/stm32f4xx_hal.c" -mcpu=cortex-m4 -std=gnu11 -g3 -DDEBUG -DUSE_HAL_DRIVER -DSTM32F401xE -c -I../Drivers/STM32F4xx_HAL_Driver/Inc -I../Drivers/STM32F4xx_HAL_Driver/Inc/Legacy -I../Drivers/CMSIS/Device/ST/STM32F4xx/Include -I../Drivers/CMSIS/Include -I"/home/fm/CESE/PdM_workspace/Practica_4.2/Drivers/API/inc" -I"/home/fm/CESE/PdM_workspace/Practica_4.2/Inc" -I/home/fm/CESE/PdM_workspace/Practica_4.2/Drivers/Core/Inc -O0 -ffunction-sections -fdata-sections -Wall -fstack-usage -fcyclomatic-complexity -MMD -MP -MF"Drivers/STM32F4xx_HAL_Driver/Src/stm32f4xx_hal.d" -MT"Drivers/STM32F4xx_HAL_Driver/Src/stm32f4xx_hal.o" --specs=nano.specs -mfpu=fpv4-sp-d16 -mfloat-abi=hard -mthumb -o "Drivers/STM32F4xx_HAL_Driver/Src/stm32f4xx_hal.o"
arm-none-eabi-gcc "../Drivers/STM32F4xx_HAL_Driver/Src/stm32f4xx_hal_cortex.c" -mcpu=cortex-m4 -std=gnu11 -g3 -DDEBUG -DUSE_HAL_DRIVER -DSTM32F401xE -c -I../Drivers/STM32F4xx_HAL_Driver/Inc -I../Drivers/STM32F4xx_HAL_Driver/Inc/Legacy -I../Drivers/CMSIS/Device/ST/STM32F4xx/Include -I../Drivers/CMSIS/Include -I"/home/fm/CESE/PdM_workspace/Practica_4.2/Drivers/API/inc" -I"/home/fm/CESE/PdM_workspace/Practica_4.2/Inc" -I/home/fm/CESE/PdM_workspace/Practica_4.2/Drivers/Core/Inc -O0 -ffunction-sections -fdata-sections -Wall -fstack-usage -fcyclomatic-complexity -MMD -MP -MF"Drivers/STM32F4xx_HAL_Driver/Src/stm32f4xx_hal_cortex.d" -MT"Drivers/STM32F4xx_HAL_Driver/Src/stm32f4xx_hal_cortex.o" --specs=nano.specs -mfpu=fpv4-sp-d16 -mfloat-abi=hard -mthumb -o "Drivers/STM32F4xx_HAL_Driver/Src/stm32f4xx_hal_cortex.o"
arm-none-eabi-gcc "../Drivers/STM32F4xx_HAL_Driver/Src/stm32f4xx_hal_dma.c" -mcpu=cortex-m4 -std=gnu11 -g3 -DDEBUG -DUSE_HAL_DRIVER -DSTM32F401xE -c -I../Drivers/STM32F4xx_HAL_Driver/Inc -I../Drivers/STM32F4xx_HAL_Driver/Inc/Legacy -I../Drivers/CMSIS/Device/ST/STM32F4xx/Include -I../Drivers/CMSIS/Include -I"/home/fm/CESE/PdM_workspace/Practica_4.2/Drivers/API/inc" -I"/home/fm/CESE/PdM_workspace/Practica_4.2/Inc" -I/home/fm/CESE/PdM_workspace/Practica_4.2/Drivers/Core/Inc -O0 -ffunction-sections -fdata-sections -Wall -fstack-usage -fcyclomatic-complexity -MMD -MP -MF"Drivers/STM32F4xx_HAL_Driver/Src/stm32f4xx_hal_dma.d" -MT"Drivers/STM32F4xx_HAL_Driver/Src/stm32f4xx_hal_dma.o" --specs=nano.specs -mfpu=fpv4-sp-d16 -mfloat-abi=hard -mthumb -o "Drivers/STM32F4xx_HAL_Driver/Src/stm32f4xx_hal_dma.o"
arm-none-eabi-gcc "../Drivers/STM32F4xx_HAL_Driver/Src/stm32f4xx_hal_dma_ex.c" -mcpu=cortex-m4 -std=gnu11 -g3 -DDEBUG -DUSE_HAL_DRIVER -DSTM32F401xE -c -I../Drivers/STM32F4xx_HAL_Driver/Inc -I../Drivers/STM32F4xx_HAL_Driver/Inc/Legacy -I../Drivers/CMSIS/Device/ST/STM32F4xx/Include -I../Drivers/CMSIS/Include -I"/home/fm/CESE/PdM_workspace/Practica_4.2/Drivers/API/inc" -I"/home/fm/CESE/PdM_workspace/Practica_4.2/Inc" -I/home/fm/CESE/PdM_workspace/Practica_4.2/Drivers/Core/Inc -O0 -ffunction-sections -fdata-sections -Wall -fstack-usage -fcyclomatic-complexity -MMD -MP -MF"Drivers/STM32F4xx_HAL_Driver/Src/stm32f4xx_hal_dma_ex.d" -MT"Drivers/STM32F4xx_HAL_Driver/Src/stm32f4xx_hal_dma_ex.o" --specs=nano.specs -mfpu=fpv4-sp-d16 -mfloat-abi=hard -mthumb -o "Drivers/STM32F4xx_HAL_Driver/Src/stm32f4xx_hal_dma_ex.o"
arm-none-eabi-gcc "../Drivers/STM32F4xx_HAL_Driver/Src/stm32f4xx_hal_exti.c" -mcpu=cortex-m4 -std=gnu11 -g3 -DDEBUG -DUSE_HAL_DRIVER -DSTM32F401xE -c -I../Drivers/STM32F4xx_HAL_Driver/Inc -I../Drivers/STM32F4xx_HAL_Driver/Inc/Legacy -I../Drivers/CMSIS/Device/ST/STM32F4xx/Include -I../Drivers/CMSIS/Include -I"/home/fm/CESE/PdM_workspace/Practica_4.2/Drivers/API/inc" -I"/home/fm/CESE/PdM_workspace/Practica_4.2/Inc" -I/home/fm/CESE/PdM_workspace/Practica_4.2/Drivers/Core/Inc -O0 -ffunction-sections -fdata-sections -Wall -fstack-usage -fcyclomatic-complexity -MMD -MP -MF"Drivers/STM32F4xx_HAL_Driver/Src/stm32f4xx_hal_exti.d" -MT"Drivers/STM32F4xx_HAL_Driver/Src/stm32f4xx_hal_exti.o" --specs=nano.specs -mfpu=fpv4-sp-d16 -mfloat-abi=hard -mthumb -o "Drivers/STM32F4xx_HAL_Driver/Src/stm32f4xx_hal_exti.o"
arm-none-eabi-gcc "../Drivers/STM32F4xx_HAL_Driver/Src/stm32f4xx_hal_flash.c" -mcpu=cortex-m4 -std=gnu11 -g3 -DDEBUG -DUSE_HAL_DRIVER -DSTM32F401xE -c -I../Drivers/STM32F4xx_HAL_Driver/Inc -I../Drivers/STM32F4xx_HAL_Driver/Inc/Legacy -I../Drivers/CMSIS/Device/ST/STM32F4xx/Include -I../Drivers/CMSIS/Include -I"/home/fm/CESE/PdM_workspace/Practica_4.2/Drivers/API/inc" -I"/home/fm/CESE/PdM_workspace/Practica_4.2/Inc" -I/home/fm/CESE/PdM_workspace/Practica_4.2/Drivers/Core/Inc -O0 -ffunction-sections -fdata-sections -Wall -fstack-usage -fcyclomatic-complexity -MMD -MP -MF"Drivers/STM32F4xx_HAL_Driver/Src/stm32f4xx_hal_flash.d" -MT"Drivers/STM32F4xx_HAL_Driver/Src/stm32f4xx_hal_flash.o" --specs=nano.specs -mfpu=fpv4-sp-d16 -mfloat-abi=hard -mthumb -o "Drivers/STM32F4xx_HAL_Driver/Src/stm32f4xx_hal_flash.o"
arm-none-eabi-gcc "../Drivers/STM32F4xx_HAL_Driver/Src/stm32f4xx_hal_flash_ex.c" -mcpu=cortex-m4 -std=gnu11 -g3 -DDEBUG -DUSE_HAL_DRIVER -DSTM32F401xE -c -I../Drivers/STM32F4xx_HAL_Driver/Inc -I../Drivers/STM32F4xx_HAL_Driver/Inc/Legacy -I../Drivers/CMSIS/Device/ST/STM32F4xx/Include -I../Drivers/CMSIS/Include -I"/home/fm/CESE/PdM_workspace/Practica_4.2/Drivers/API/inc" -I"/home/fm/CESE/PdM_workspace/Practica_4.2/Inc" -I/home/fm/CESE/PdM_workspace/Practica_4.2/Drivers/Core/Inc -O0 -ffunction-sections -fdata-sections -Wall -fstack-usage -fcyclomatic-complexity -MMD -MP -MF"Drivers/STM32F4xx_HAL_Driver/Src/stm32f4xx_hal_flash_ex.d" -MT"Drivers/STM32F4xx_HAL_Driver/Src/stm32f4xx_hal_flash_ex.o" --specs=nano.specs -mfpu=fpv4-sp-d16 -mfloat-abi=hard -mthumb -o "Drivers/STM32F4xx_HAL_Driver/Src/stm32f4xx_hal_flash_ex.o"
arm-none-eabi-gcc "../Drivers/STM32F4xx_HAL_Driver/Src/stm32f4xx_hal_flash_ramfunc.c" -mcpu=cortex-m4 -std=gnu11 -g3 -DDEBUG -DUSE_HAL_DRIVER -DSTM32F401xE -c -I../Drivers/STM32F4xx_HAL_Driver/Inc -I../Drivers/STM32F4xx_HAL_Driver/Inc/Legacy -I../Drivers/CMSIS/Device/ST/STM32F4xx/Include -I../Drivers/CMSIS/Include -I"/home/fm/CESE/PdM_workspace/Practica_4.2/Drivers/API/inc" -I"/home/fm/CESE/PdM_workspace/Practica_4.2/Inc" -I/home/fm/CESE/PdM_workspace/Practica_4.2/Drivers/Core/Inc -O0 -ffunction-sections -fdata-sections -Wall -fstack-usage -fcyclomatic-complexity -MMD -MP -MF"Drivers/STM32F4xx_HAL_Driver/Src/stm32f4xx_hal_flash_ramfunc.d" -MT"Drivers/STM32F4xx_HAL_Driver/Src/stm32f4xx_hal_flash_ramfunc.o" --specs=nano.specs -mfpu=fpv4-sp-d16 -mfloat-abi=hard -mthumb -o "Drivers/STM32F4xx_HAL_Driver/Src/stm32f4xx_hal_flash_ramfunc.o"
arm-none-eabi-gcc "../Drivers/STM32F4xx_HAL_Driver/Src/stm32f4xx_hal_gpio.c" -mcpu=cortex-m4 -std=gnu11 -g3 -DDEBUG -DUSE_HAL_DRIVER -DSTM32F401xE -c -I../Drivers/STM32F4xx_HAL_Driver/Inc -I../Drivers/STM32F4xx_HAL_Driver/Inc/Legacy -I../Drivers/CMSIS/Device/ST/STM32F4xx/Include -I../Drivers/CMSIS/Include -I"/home/fm/CESE/PdM_workspace/Practica_4.2/Drivers/API/inc" -I"/home/fm/CESE/PdM_workspace/Practica_4.2/Inc" -I/home/fm/CESE/PdM_workspace/Practica_4.2/Drivers/Core/Inc -O0 -ffunction-sections -fdata-sections -Wall -fstack-usage -fcyclomatic-complexity -MMD -MP -MF"Drivers/STM32F4xx_HAL_Driver/Src/stm32f4xx_hal_gpio.d" -MT"Drivers/STM32F4xx_HAL_Driver/Src/stm32f4xx_hal_gpio.o" --specs=nano.specs -mfpu=fpv4-sp-d16 -mfloat-abi=hard -mthumb -o "Drivers/STM32F4xx_HAL_Driver/Src/stm32f4xx_hal_gpio.o"
arm-none-eabi-gcc "../Drivers/STM32F4xx_HAL_Driver/Src/stm32f4xx_hal_pwr.c" -mcpu=cortex-m4 -std=gnu11 -g3 -DDEBUG -DUSE_HAL_DRIVER -DSTM32F401xE -c -I../Drivers/STM32F4xx_HAL_Driver/Inc -I../Drivers/STM32F4xx_HAL_Driver/Inc/Legacy -I../Drivers/CMSIS/Device/ST/STM32F4xx/Include -I../Drivers/CMSIS/Include -I"/home/fm/CESE/PdM_workspace/Practica_4.2/Drivers/API/inc" -I"/home/fm/CESE/PdM_workspace/Practica_4.2/Inc" -I/home/fm/CESE/PdM_workspace/Practica_4.2/Drivers/Core/Inc -O0 -ffunction-sections -fdata-sections -Wall -fstack-usage -fcyclomatic-complexity -MMD -MP -MF"Drivers/STM32F4xx_HAL_Driver/Src/stm32f4xx_hal_pwr.d" -MT"Drivers/STM32F4xx_HAL_Driver/Src/stm32f4xx_hal_pwr.o" --specs=nano.specs -mfpu=fpv4-sp-d16 -mfloat-abi=hard -mthumb -o "Drivers/STM32F4xx_HAL_Driver/Src/stm32f4xx_hal_pwr.o"
arm-none-eabi-gcc "../Drivers/STM32F4xx_HAL_Driver/Src/stm32f4xx_hal_pwr_ex.c" -mcpu=cortex-m4 -std=gnu11 -g3 -DDEBUG -DUSE_HAL_DRIVER -DSTM32F401xE -c -I../Drivers/STM32F4xx_HAL_Driver/Inc -I../Drivers/STM32F4xx_HAL_Driver/Inc/Legacy -I../Drivers/CMSIS/Device/ST/STM32F4xx/Include -I../Drivers/CMSIS/Include -I"/home/fm/CESE/PdM_workspace/Practica_4.2/Drivers/API/inc" -I"/home/fm/CESE/PdM_workspace/Practica_4.2/Inc" -I/home/fm/CESE/PdM_workspace/Practica_4.2/Drivers/Core/Inc -O0 -ffunction-sections -fdata-sections -Wall -fstack-usage -fcyclomatic-complexity -MMD -MP -MF"Drivers/STM32F4xx_HAL_Driver/Src/stm32f4xx_hal_pwr_ex.d" -MT"Drivers/STM32F4xx_HAL_Driver/Src/stm32f4xx_hal_pwr_ex.o" --specs=nano.specs -mfpu=fpv4-sp-d16 -mfloat-abi=hard -mthumb -o "Drivers/STM32F4xx_HAL_Driver/Src/stm32f4xx_hal_pwr_ex.o"
arm-none-eabi-gcc "../Drivers/STM32F4xx_HAL_Driver/Src/stm32f4xx_hal_rcc.c" -mcpu=cortex-m4 -std=gnu11 -g3 -DDEBUG -DUSE_HAL_DRIVER -DSTM32F401xE -c -I../Drivers/STM32F4xx_HAL_Driver/Inc -I../Drivers/STM32F4xx_HAL_Driver/Inc/Legacy -I../Drivers/CMSIS/Device/ST/STM32F4xx/Include -I../Drivers/CMSIS/Include -I"/home/fm/CESE/PdM_workspace/Practica_4.2/Drivers/API/inc" -I"/home/fm/CESE/PdM_workspace/Practica_4.2/Inc" -I/home/fm/CESE/PdM_workspace/Practica_4.2/Drivers/Core/Inc -O0 -ffunction-sections -fdata-sections -Wall -fstack-usage -fcyclomatic-complexity -MMD -MP -MF"Drivers/STM32F4xx_HAL_Driver/Src/stm32f4xx_hal_rcc.d" -MT"Drivers/STM32F4xx_HAL_Driver/Src/stm32f4xx_hal_rcc.o" --specs=nano.specs -mfpu=fpv4-sp-d16 -mfloat-abi=hard -mthumb -o "Drivers/STM32F4xx_HAL_Driver/Src/stm32f4xx_hal_rcc.o"
arm-none-eabi-gcc "../Drivers/STM32F4xx_HAL_Driver/Src/stm32f4xx_hal_rcc_ex.c" -mcpu=cortex-m4 -std=gnu11 -g3 -DDEBUG -DUSE_HAL_DRIVER -DSTM32F401xE -c -I../Drivers/STM32F4xx_HAL_Driver/Inc -I../Drivers/STM32F4xx_HAL_Driver/Inc/Legacy -I../Drivers/CMSIS/Device/ST/STM32F4xx/Include -I../Drivers/CMSIS/Include -I"/home/fm/CESE/PdM_workspace/Practica_4.2/Drivers/API/inc" -I"/home/fm/CESE/PdM_workspace/Practica_4.2/Inc" -I/home/fm/CESE/PdM_workspace/Practica_4.2/Drivers/Core/Inc -O0 -ffunction-sections -fdata-sections -Wall -fstack-usage -fcyclomatic-complexity -MMD -MP -MF"Drivers/STM32F4xx_HAL_Driver/Src/stm32f4xx_hal_rcc_ex.d" -MT"Drivers/STM32F4xx_HAL_Driver/Src/stm32f4xx_hal_rcc_ex.o" --specs=nano.specs -mfpu=fpv4-sp-d16 -mfloat-abi=hard -mthumb -o "Drivers/STM32F4xx_HAL_Driver/Src/stm32f4xx_hal_rcc_ex.o"
arm-none-eabi-gcc "../Drivers/STM32F4xx_HAL_Driver/Src/stm32f4xx_hal_tim.c" -mcpu=cortex-m4 -std=gnu11 -g3 -DDEBUG -DUSE_HAL_DRIVER -DSTM32F401xE -c -I../Drivers/STM32F4xx_HAL_Driver/Inc -I../Drivers/STM32F4xx_HAL_Driver/Inc/Legacy -I../Drivers/CMSIS/Device/ST/STM32F4xx/Include -I../Drivers/CMSIS/Include -I"/home/fm/CESE/PdM_workspace/Practica_4.2/Drivers/API/inc" -I"/home/fm/CESE/PdM_workspace/Practica_4.2/Inc" -I/home/fm/CESE/PdM_workspace/Practica_4.2/Drivers/Core/Inc -O0 -ffunction-sections -fdata-sections -Wall -fstack-usage -fcyclomatic-complexity -MMD -MP -MF"Drivers/STM32F4xx_HAL_Driver/Src/stm32f4xx_hal_tim.d" -MT"Drivers/STM32F4xx_HAL_Driver/Src/stm32f4xx_hal_tim.o" --specs=nano.specs -mfpu=fpv4-sp-d16 -mfloat-abi=hard -mthumb -o "Drivers/STM32F4xx_HAL_Driver/Src/stm32f4xx_hal_tim.o"
arm-none-eabi-gcc "../Drivers/STM32F4xx_HAL_Driver/Src/stm32f4xx_hal_tim_ex.c" -mcpu=cortex-m4 -std=gnu11 -g3 -DDEBUG -DUSE_HAL_DRIVER -DSTM32F401xE -c -I../Drivers/STM32F4xx_HAL_Driver/Inc -I../Drivers/STM32F4xx_HAL_Driver/Inc/Legacy -I../Drivers/CMSIS/Device/ST/STM32F4xx/Include -I../Drivers/CMSIS/Include -I"/home/fm/CESE/PdM_workspace/Practica_4.2/Drivers/API/inc" -I"/home/fm/CESE/PdM_workspace/Practica_4.2/Inc" -I/home/fm/CESE/PdM_workspace/Practica_4.2/Drivers/Core/Inc -O0 -ffunction-sections -fdata-sections -Wall -fstack-usage -fcyclomatic-complexity -MMD -MP -MF"Drivers/STM32F4xx_HAL_Driver/Src/stm32f4xx_hal_tim_ex.d" -MT"Drivers/STM32F4xx_HAL_Driver/Src/stm32f4xx_hal_tim_ex.o" --specs=nano.specs -mfpu=fpv4-sp-d16 -mfloat-abi=hard -mthumb -o "Drivers/STM32F4xx_HAL_Driver/Src/stm32f4xx_hal_tim_ex.o"
arm-none-eabi-gcc "../Drivers/STM32F4xx_HAL_Driver/Src/stm32f4xx_hal_uart.c" -mcpu=cortex-m4 -std=gnu11 -g3 -DDEBUG -DUSE_HAL_DRIVER -DSTM32F401xE -c -I../Drivers/STM32F4xx_HAL_Driver/Inc -I../Drivers/STM32F4xx_HAL_Driver/Inc/Legacy -I../Drivers/CMSIS/Device/ST/STM32F4xx/Include -I../Drivers/CMSIS/Include -I"/home/fm/CESE/PdM_workspace/Practica_4.2/Drivers/API/inc" -I"/home/fm/CESE/PdM_workspace/Practica_4.2/Inc" -I/home/fm/CESE/PdM_workspace/Practica_4.2/Drivers/Core/Inc -O0 -ffunction-sections -fdata-sections -Wall -fstack-usage -fcyclomatic-complexity -MMD -MP -MF"Drivers/STM32F4xx_HAL_Driver/Src/stm32f4xx_hal_uart.d" -MT"Drivers/STM32F4xx_HAL_Driver/Src/stm32f4xx_hal_uart.o" --specs=nano.specs -mfpu=fpv4-sp-d16 -mfloat-abi=hard -mthumb -o "Drivers/STM32F4xx_HAL_Driver/Src/stm32f4xx_hal_uart.o"
arm-none-eabi-gcc -mcpu=cortex-m4 -g3 -DDEBUG -c -I"/home/fm/CESE/PdM_workspace/Practica_4.2/Drivers/API/inc" -I"/home/fm/CESE/PdM_workspace/Practica_4.2/Inc" -I"/home/fm/CESE/PdM_workspace/Practica_4.2/Drivers/Core/Inc" -I"/home/fm/CESE/PdM_workspace/Practica_4.2/Drivers/STM32F4xx_HAL_Driver" -I"/home/fm/CESE/PdM_workspace/Practica_4.2/Drivers/STM32F4xx_HAL_Driver/Inc" -x assembler-with-cpp -MMD -MP -MF"Drivers/Core/Startup/startup_stm32f401retx.d" -MT"Drivers/Core/Startup/startup_stm32f401retx.o" --specs=nano.specs -mfpu=fpv4-sp-d16 -mfloat-abi=hard -mthumb -o "Drivers/Core/Startup/startup_stm32f401retx.o" "../Drivers/Core/Startup/startup_stm32f401retx.s"
arm-none-eabi-gcc "../Drivers/Core/Src/stm32f4xx_hal_msp.c" -mcpu=cortex-m4 -std=gnu11 -g3 -DDEBUG -DUSE_HAL_DRIVER -DSTM32F401xE -c -I../Drivers/STM32F4xx_HAL_Driver/Inc -I../Drivers/STM32F4xx_HAL_Driver/Inc/Legacy -I../Drivers/CMSIS/Device/ST/STM32F4xx/Include -I../Drivers/CMSIS/Include -I"/home/fm/CESE/PdM_workspace/Practica_4.2/Drivers/API/inc" -I"/home/fm/CESE/PdM_workspace/Practica_4.2/Inc" -I/home/fm/CESE/PdM_workspace/Practica_4.2/Drivers/Core/Inc -O0 -ffunction-sections -fdata-sections -Wall -fstack-usage -fcyclomatic-complexity -MMD -MP -MF"Drivers/Core/Src/stm32f4xx_hal_msp.d" -MT"Drivers/Core/Src/stm32f4xx_hal_msp.o" --specs=nano.specs -mfpu=fpv4-sp-d16 -mfloat-abi=hard -mthumb -o "Drivers/Core/Src/stm32f4xx_hal_msp.o"
arm-none-eabi-gcc "../Drivers/Core/Src/stm32f4xx_it.c" -mcpu=cortex-m4 -std=gnu11 -g3 -DDEBUG -DUSE_HAL_DRIVER -DSTM32F401xE -c -I../Drivers/STM32F4xx_HAL_Driver/Inc -I../Drivers/STM32F4xx_HAL_Driver/Inc/Legacy -I../Drivers/CMSIS/Device/ST/STM32F4xx/Include -I../Drivers/CMSIS/Include -I"/home/fm/CESE/PdM_workspace/Practica_4.2/Drivers/API/inc" -I"/home/fm/CESE/PdM_workspace/Practica_4.2/Inc" -I/home/fm/CESE/PdM_workspace/Practica_4.2/Drivers/Core/Inc -O0 -ffunction-sections -fdata-sections -Wall -fstack-usage -fcyclomatic-complexity -MMD -MP -MF"Drivers/Core/Src/stm32f4xx_it.d" -MT"Drivers/Core/Src/stm32f4xx_it.o" --specs=nano.specs -mfpu=fpv4-sp-d16 -mfloat-abi=hard -mthumb -o "Drivers/Core/Src/stm32f4xx_it.o"
arm-none-eabi-gcc "../Drivers/Core/Src/syscalls.c" -mcpu=cortex-m4 -std=gnu11 -g3 -DDEBUG -DUSE_HAL_DRIVER -DSTM32F401xE -c -I../Drivers/STM32F4xx_HAL_Driver/Inc -I../Drivers/STM32F4xx_HAL_Driver/Inc/Legacy -I../Drivers/CMSIS/Device/ST/STM32F4xx/Include -I../Drivers/CMSIS/Include -I"/home/fm/CESE/PdM_workspace/Practica_4.2/Drivers/API/inc" -I"/home/fm/CESE/PdM_workspace/Practica_4.2/Inc" -I/home/fm/CESE/PdM_workspace/Practica_4.2/Drivers/Core/Inc -O0 -ffunction-sections -fdata-sections -Wall -fstack-usage -fcyclomatic-complexity -MMD -MP -MF"Drivers/Core/Src/syscalls.d" -MT"Drivers/Core/Src/syscalls.o" --specs=nano.specs -mfpu=fpv4-sp-d16 -mfloat-abi=hard -mthumb -o "Drivers/Core/Src/syscalls.o"
arm-none-eabi-gcc "../Drivers/Core/Src/sysmem.c" -mcpu=cortex-m4 -std=gnu11 -g3 -DDEBUG -DUSE_HAL_DRIVER -DSTM32F401xE -c -I../Drivers/STM32F4xx_HAL_Driver/Inc -I../Drivers/STM32F4xx_HAL_Driver/Inc/Legacy -I../Drivers/CMSIS/Device/ST/STM32F4xx/Include -I../Drivers/CMSIS/Include -I"/home/fm/CESE/PdM_workspace/Practica_4.2/Drivers/API/inc" -I"/home/fm/CESE/PdM_workspace/Practica_4.2/Inc" -I/home/fm/CESE/PdM_workspace/Practica_4.2/Drivers/Core/Inc -O0 -ffunction-sections -fdata-sections -Wall -fstack-usage -fcyclomatic-complexity -MMD -MP -MF"Drivers/Core/Src/sysmem.d" -MT"Drivers/Core/Src/sysmem.o" --specs=nano.specs -mfpu=fpv4-sp-d16 -mfloat-abi=hard -mthumb -o "Drivers/Core/Src/sysmem.o"
arm-none-eabi-gcc "../Drivers/Core/Src/system_stm32f4xx.c" -mcpu=cortex-m4 -std=gnu11 -g3 -DDEBUG -DUSE_HAL_DRIVER -DSTM32F401xE -c -I../Drivers/STM32F4xx_HAL_Driver/Inc -I../Drivers/STM32F4xx_HAL_Driver/Inc/Legacy -I../Drivers/CMSIS/Device/ST/STM32F4xx/Include -I../Drivers/CMSIS/Include -I"/home/fm/CESE/PdM_workspace/Practica_4.2/Drivers/API/inc" -I"/home/fm/CESE/PdM_workspace/Practica_4.2/Inc" -I/home/fm/CESE/PdM_workspace/Practica_4.2/Drivers/Core/Inc -O0 -ffunction-sections -fdata-sections -Wall -fstack-usage -fcyclomatic-complexity -MMD -MP -MF"Drivers/Core/Src/system_stm32f4xx.d" -MT"Drivers/Core/Src/system_stm32f4xx.o" --specs=nano.specs -mfpu=fpv4-sp-d16 -mfloat-abi=hard -mthumb -o "Drivers/Core/Src/system_stm32f4xx.o"
arm-none-eabi-gcc "../Drivers/API/src/API_debounce.c" -mcpu=cortex-m4 -std=gnu11 -g3 -DDEBUG -DUSE_HAL_DRIVER -DSTM32F401xE -c -I../Drivers/STM32F4xx_HAL_Driver/Inc -I../Drivers/STM32F4xx_HAL_Driver/Inc/Legacy -I../Drivers/CMSIS/Device/ST/STM32F4xx/Include -I../Drivers/CMSIS/Include -I"/home/fm/CESE/PdM_workspace/Practica_4.2/Drivers/API/inc" -I"/home/fm/CESE/PdM_workspace/Practica_4.2/Inc" -I/home/fm/CESE/PdM_workspace/Practica_4.2/Drivers/Core/Inc -O0 -ffunction-sections -fdata-sections -Wall -fstack-usage -fcyclomatic-complexity -MMD -MP -MF"Drivers/API/src/API_debounce.d" -MT"Drivers/API/src/API_debounce.o" --specs=nano.specs -mfpu=fpv4-sp-d16 -mfloat-abi=hard -mthumb -o "Drivers/API/src/API_debounce.o"
arm-none-eabi-gcc "../Drivers/API/src/API_delay.c" -mcpu=cortex-m4 -std=gnu11 -g3 -DDEBUG -DUSE_HAL_DRIVER -DSTM32F401xE -c -I../Drivers/STM32F4xx_HAL_Driver/Inc -I../Drivers/STM32F4xx_HAL_Driver/Inc/Legacy -I../Drivers/CMSIS/Device/ST/STM32F4xx/Include -I../Drivers/CMSIS/Include -I"/home/fm/CESE/PdM_workspace/Practica_4.2/Drivers/API/inc" -I"/home/fm/CESE/PdM_workspace/Practica_4.2/Inc" -I/home/fm/CESE/PdM_workspace/Practica_4.2/Drivers/Core/Inc -O0 -ffunction-sections -fdata-sections -Wall -fstack-usage -fcyclomatic-complexity -MMD -MP -MF"Drivers/API/src/API_delay.d" -MT"Drivers/API/src/API_delay.o" --specs=nano.specs -mfpu=fpv4-sp-d16 -mfloat-abi=hard -mthumb -o "Drivers/API/src/API_delay.o"
arm-none-eabi-gcc -o "Practica_4.2.elf" @"objects.list"   -mcpu=cortex-m4 -T"/home/fm/CESE/PdM_workspace/Practica_4.2/STM32F401RETX_FLASH.ld" --specs=nosys.specs -Wl,-Map="Practica_4.2.map" -Wl,--gc-sections -static --specs=nano.specs -mfpu=fpv4-sp-d16 -mfloat-abi=hard -mthumb -Wl,--start-group -lc -lm -Wl,--end-group
Finished building target: Practica_4.2.elf
 
arm-none-eabi-size   Practica_4.2.elf 
arm-none-eabi-objdump -h -S  Practica_4.2.elf  > "Practica_4.2.list"
   text	   data	    bss	    dec	    hex	filename
   8340	     24	   1656	  10020	   2724	Practica_4.2.elf
Finished building: default.size.stdout
 
Finished building: Practica_4.2.list
 
20:53:44 **** Incremental Build of configuration Debug for project Practica_4.2 ****
make -j12 all 
arm-none-eabi-size   Practica_4.2.elf 
   text	   data	    bss	    dec	    hex	filename
   8340	     24	   1656	  10020	   2724	Practica_4.2.elf
Finished building: default.size.stdout
 
21:06:00 **** Incremental Build of configuration Debug for project Practica_4.2 ****
make -j12 all 
arm-none-eabi-gcc "../Src/main.c" -mcpu=cortex-m4 -std=gnu11 -g3 -DDEBUG -DUSE_HAL_DRIVER -DSTM32F401xE -c -I../Drivers/STM32F4xx_HAL_Driver/Inc -I../Drivers/STM32F4xx_HAL_Driver/Inc/Legacy -I../Drivers/CMSIS/Device/ST/STM32F4xx/Include -I../Drivers/CMSIS/Include -I"/home/fm/CESE/PdM_workspace/Practica_4.2/Drivers/API/inc" -I"/home/fm/CESE/PdM_workspace/Practica_4.2/Inc" -I/home/fm/CESE/PdM_workspace/Practica_4.2/Drivers/Core/Inc -O0 -ffunction-sections -fdata-sections -Wall -fstack-usage -fcyclomatic-complexity -MMD -MP -MF"Src/main.d" -MT"Src/main.o" --specs=nano.specs -mfpu=fpv4-sp-d16 -mfloat-abi=hard -mthumb -o "Src/main.o"
arm-none-eabi-gcc "../Drivers/API/src/API_debounce.c" -mcpu=cortex-m4 -std=gnu11 -g3 -DDEBUG -DUSE_HAL_DRIVER -DSTM32F401xE -c -I../Drivers/STM32F4xx_HAL_Driver/Inc -I../Drivers/STM32F4xx_HAL_Driver/Inc/Legacy -I../Drivers/CMSIS/Device/ST/STM32F4xx/Include -I../Drivers/CMSIS/Include -I"/home/fm/CESE/PdM_workspace/Practica_4.2/Drivers/API/inc" -I"/home/fm/CESE/PdM_workspace/Practica_4.2/Inc" -I/home/fm/CESE/PdM_workspace/Practica_4.2/Drivers/Core/Inc -O0 -ffunction-sections -fdata-sections -Wall -fstack-usage -fcyclomatic-complexity -MMD -MP -MF"Drivers/API/src/API_debounce.d" -MT"Drivers/API/src/API_debounce.o" --specs=nano.specs -mfpu=fpv4-sp-d16 -mfloat-abi=hard -mthumb -o "Drivers/API/src/API_debounce.o"
arm-none-eabi-gcc -o "Practica_4.2.elf" @"objects.list"   -mcpu=cortex-m4 -T"/home/fm/CESE/PdM_workspace/Practica_4.2/STM32F401RETX_FLASH.ld" --specs=nosys.specs -Wl,-Map="Practica_4.2.map" -Wl,--gc-sections -static --specs=nano.specs -mfpu=fpv4-sp-d16 -mfloat-abi=hard -mthumb -Wl,--start-group -lc -lm -Wl,--end-group
Finished building target: Practica_4.2.elf
 
arm-none-eabi-size   Practica_4.2.elf 
arm-none-eabi-objdump -h -S  Practica_4.2.elf  > "Practica_4.2.list"
   text	   data	    bss	    dec	    hex	filename
   8340	     24	   1656	  10020	   2724	Practica_4.2.elf
Finished building: default.size.stdout
 
Finished building: Practica_4.2.list
 
21:16:39 **** Incremental Build of configuration Debug for project Practica_4.2 ****
make -j12 all 
arm-none-eabi-gcc "../Src/main.c" -mcpu=cortex-m4 -std=gnu11 -g3 -DDEBUG -DUSE_HAL_DRIVER -DSTM32F401xE -c -I../Drivers/STM32F4xx_HAL_Driver/Inc -I../Drivers/STM32F4xx_HAL_Driver/Inc/Legacy -I../Drivers/CMSIS/Device/ST/STM32F4xx/Include -I../Drivers/CMSIS/Include -I"/home/fm/CESE/PdM_workspace/Practica_4.2/Drivers/API/inc" -I"/home/fm/CESE/PdM_workspace/Practica_4.2/Inc" -I/home/fm/CESE/PdM_workspace/Practica_4.2/Drivers/Core/Inc -O0 -ffunction-sections -fdata-sections -Wall -fstack-usage -fcyclomatic-complexity -MMD -MP -MF"Src/main.d" -MT"Src/main.o" --specs=nano.specs -mfpu=fpv4-sp-d16 -mfloat-abi=hard -mthumb -o "Src/main.o"
arm-none-eabi-gcc "../Drivers/Core/Src/stm32f4xx_hal_msp.c" -mcpu=cortex-m4 -std=gnu11 -g3 -DDEBUG -DUSE_HAL_DRIVER -DSTM32F401xE -c -I../Drivers/STM32F4xx_HAL_Driver/Inc -I../Drivers/STM32F4xx_HAL_Driver/Inc/Legacy -I../Drivers/CMSIS/Device/ST/STM32F4xx/Include -I../Drivers/CMSIS/Include -I"/home/fm/CESE/PdM_workspace/Practica_4.2/Drivers/API/inc" -I"/home/fm/CESE/PdM_workspace/Practica_4.2/Inc" -I/home/fm/CESE/PdM_workspace/Practica_4.2/Drivers/Core/Inc -O0 -ffunction-sections -fdata-sections -Wall -fstack-usage -fcyclomatic-complexity -MMD -MP -MF"Drivers/Core/Src/stm32f4xx_hal_msp.d" -MT"Drivers/Core/Src/stm32f4xx_hal_msp.o" --specs=nano.specs -mfpu=fpv4-sp-d16 -mfloat-abi=hard -mthumb -o "Drivers/Core/Src/stm32f4xx_hal_msp.o"
arm-none-eabi-gcc "../Drivers/Core/Src/stm32f4xx_it.c" -mcpu=cortex-m4 -std=gnu11 -g3 -DDEBUG -DUSE_HAL_DRIVER -DSTM32F401xE -c -I../Drivers/STM32F4xx_HAL_Driver/Inc -I../Drivers/STM32F4xx_HAL_Driver/Inc/Legacy -I../Drivers/CMSIS/Device/ST/STM32F4xx/Include -I../Drivers/CMSIS/Include -I"/home/fm/CESE/PdM_workspace/Practica_4.2/Drivers/API/inc" -I"/home/fm/CESE/PdM_workspace/Practica_4.2/Inc" -I/home/fm/CESE/PdM_workspace/Practica_4.2/Drivers/Core/Inc -O0 -ffunction-sections -fdata-sections -Wall -fstack-usage -fcyclomatic-complexity -MMD -MP -MF"Drivers/Core/Src/stm32f4xx_it.d" -MT"Drivers/Core/Src/stm32f4xx_it.o" --specs=nano.specs -mfpu=fpv4-sp-d16 -mfloat-abi=hard -mthumb -o "Drivers/Core/Src/stm32f4xx_it.o"
arm-none-eabi-gcc "../Drivers/API/src/API_debounce.c" -mcpu=cortex-m4 -std=gnu11 -g3 -DDEBUG -DUSE_HAL_DRIVER -DSTM32F401xE -c -I../Drivers/STM32F4xx_HAL_Driver/Inc -I../Drivers/STM32F4xx_HAL_Driver/Inc/Legacy -I../Drivers/CMSIS/Device/ST/STM32F4xx/Include -I../Drivers/CMSIS/Include -I"/home/fm/CESE/PdM_workspace/Practica_4.2/Drivers/API/inc" -I"/home/fm/CESE/PdM_workspace/Practica_4.2/Inc" -I/home/fm/CESE/PdM_workspace/Practica_4.2/Drivers/Core/Inc -O0 -ffunction-sections -fdata-sections -Wall -fstack-usage -fcyclomatic-complexity -MMD -MP -MF"Drivers/API/src/API_debounce.d" -MT"Drivers/API/src/API_debounce.o" --specs=nano.specs -mfpu=fpv4-sp-d16 -mfloat-abi=hard -mthumb -o "Drivers/API/src/API_debounce.o"
arm-none-eabi-gcc -o "Practica_4.2.elf" @"objects.list"   -mcpu=cortex-m4 -T"/home/fm/CESE/PdM_workspace/Practica_4.2/STM32F401RETX_FLASH.ld" --specs=nosys.specs -Wl,-Map="Practica_4.2.map" -Wl,--gc-sections -static --specs=nano.specs -mfpu=fpv4-sp-d16 -mfloat-abi=hard -mthumb -Wl,--start-group -lc -lm -Wl,--end-group
Finished building target: Practica_4.2.elf
 
arm-none-eabi-size   Practica_4.2.elf 
arm-none-eabi-objdump -h -S  Practica_4.2.elf  > "Practica_4.2.list"
   text	   data	    bss	    dec	    hex	filename
   8340	     24	   1656	  10020	   2724	Practica_4.2.elf
Finished building: default.size.stdout
 
Finished building: Practica_4.2.list
 
21:21:15 **** Incremental Build of configuration Debug for project Practica_4.2 ****
make -j12 all 
arm-none-eabi-gcc "../Drivers/API/src/API_debounce.c" -mcpu=cortex-m4 -std=gnu11 -g3 -DDEBUG -DUSE_HAL_DRIVER -DSTM32F401xE -c -I../Drivers/STM32F4xx_HAL_Driver/Inc -I../Drivers/STM32F4xx_HAL_Driver/Inc/Legacy -I../Drivers/CMSIS/Device/ST/STM32F4xx/Include -I../Drivers/CMSIS/Include -I"/home/fm/CESE/PdM_workspace/Practica_4.2/Drivers/API/inc" -I"/home/fm/CESE/PdM_workspace/Practica_4.2/Inc" -I/home/fm/CESE/PdM_workspace/Practica_4.2/Drivers/Core/Inc -O0 -ffunction-sections -fdata-sections -Wall -fstack-usage -fcyclomatic-complexity -MMD -MP -MF"Drivers/API/src/API_debounce.d" -MT"Drivers/API/src/API_debounce.o" --specs=nano.specs -mfpu=fpv4-sp-d16 -mfloat-abi=hard -mthumb -o "Drivers/API/src/API_debounce.o"
../Drivers/API/src/API_debounce.c:101:15: warning: 'readKey' defined but not used [-Wunused-function]
  101 | static bool_t readKey()
      |               ^~~~~~~
arm-none-eabi-gcc -o "Practica_4.2.elf" @"objects.list"   -mcpu=cortex-m4 -T"/home/fm/CESE/PdM_workspace/Practica_4.2/STM32F401RETX_FLASH.ld" --specs=nosys.specs -Wl,-Map="Practica_4.2.map" -Wl,--gc-sections -static --specs=nano.specs -mfpu=fpv4-sp-d16 -mfloat-abi=hard -mthumb -Wl,--start-group -lc -lm -Wl,--end-group
Finished building target: Practica_4.2.elf
 
arm-none-eabi-size   Practica_4.2.elf 
arm-none-eabi-objdump -h -S  Practica_4.2.elf  > "Practica_4.2.list"
   text	   data	    bss	    dec	    hex	filename
   8340	     24	   1656	  10020	   2724	Practica_4.2.elf
Finished building: default.size.stdout
 
Finished building: Practica_4.2.list
 
21:47:14 **** Incremental Build of configuration Debug for project Practica_4.2 ****
make -j12 all 
arm-none-eabi-gcc "../Src/main.c" -mcpu=cortex-m4 -std=gnu11 -g3 -DDEBUG -DUSE_HAL_DRIVER -DSTM32F401xE -c -I../Drivers/STM32F4xx_HAL_Driver/Inc -I../Drivers/STM32F4xx_HAL_Driver/Inc/Legacy -I../Drivers/CMSIS/Device/ST/STM32F4xx/Include -I../Drivers/CMSIS/Include -I"/home/fm/CESE/PdM_workspace/Practica_4.2/Drivers/API/inc" -I"/home/fm/CESE/PdM_workspace/Practica_4.2/Inc" -I/home/fm/CESE/PdM_workspace/Practica_4.2/Drivers/Core/Inc -O0 -ffunction-sections -fdata-sections -Wall -fstack-usage -fcyclomatic-complexity -MMD -MP -MF"Src/main.d" -MT"Src/main.o" --specs=nano.specs -mfpu=fpv4-sp-d16 -mfloat-abi=hard -mthumb -o "Src/main.o"
arm-none-eabi-gcc "../Drivers/API/src/API_debounce.c" -mcpu=cortex-m4 -std=gnu11 -g3 -DDEBUG -DUSE_HAL_DRIVER -DSTM32F401xE -c -I../Drivers/STM32F4xx_HAL_Driver/Inc -I../Drivers/STM32F4xx_HAL_Driver/Inc/Legacy -I../Drivers/CMSIS/Device/ST/STM32F4xx/Include -I../Drivers/CMSIS/Include -I"/home/fm/CESE/PdM_workspace/Practica_4.2/Drivers/API/inc" -I"/home/fm/CESE/PdM_workspace/Practica_4.2/Inc" -I/home/fm/CESE/PdM_workspace/Practica_4.2/Drivers/Core/Inc -O0 -ffunction-sections -fdata-sections -Wall -fstack-usage -fcyclomatic-complexity -MMD -MP -MF"Drivers/API/src/API_debounce.d" -MT"Drivers/API/src/API_debounce.o" --specs=nano.specs -mfpu=fpv4-sp-d16 -mfloat-abi=hard -mthumb -o "Drivers/API/src/API_debounce.o"
arm-none-eabi-gcc "../Drivers/API/src/API_delay.c" -mcpu=cortex-m4 -std=gnu11 -g3 -DDEBUG -DUSE_HAL_DRIVER -DSTM32F401xE -c -I../Drivers/STM32F4xx_HAL_Driver/Inc -I../Drivers/STM32F4xx_HAL_Driver/Inc/Legacy -I../Drivers/CMSIS/Device/ST/STM32F4xx/Include -I../Drivers/CMSIS/Include -I"/home/fm/CESE/PdM_workspace/Practica_4.2/Drivers/API/inc" -I"/home/fm/CESE/PdM_workspace/Practica_4.2/Inc" -I/home/fm/CESE/PdM_workspace/Practica_4.2/Drivers/Core/Inc -O0 -ffunction-sections -fdata-sections -Wall -fstack-usage -fcyclomatic-complexity -MMD -MP -MF"Drivers/API/src/API_delay.d" -MT"Drivers/API/src/API_delay.o" --specs=nano.specs -mfpu=fpv4-sp-d16 -mfloat-abi=hard -mthumb -o "Drivers/API/src/API_delay.o"
../Drivers/API/src/API_debounce.c:101:15: warning: 'readKey' defined but not used [-Wunused-function]
  101 | static bool_t readKey()
      |               ^~~~~~~
arm-none-eabi-gcc -o "Practica_4.2.elf" @"objects.list"   -mcpu=cortex-m4 -T"/home/fm/CESE/PdM_workspace/Practica_4.2/STM32F401RETX_FLASH.ld" --specs=nosys.specs -Wl,-Map="Practica_4.2.map" -Wl,--gc-sections -static --specs=nano.specs -mfpu=fpv4-sp-d16 -mfloat-abi=hard -mthumb -Wl,--start-group -lc -lm -Wl,--end-group
Finished building target: Practica_4.2.elf
 
arm-none-eabi-size   Practica_4.2.elf 
arm-none-eabi-objdump -h -S  Practica_4.2.elf  > "Practica_4.2.list"
   text	   data	    bss	    dec	    hex	filename
   8340	     24	   1656	  10020	   2724	Practica_4.2.elf
Finished building: default.size.stdout
 
Finished building: Practica_4.2.list
 
21:47:50 **** Incremental Build of configuration Debug for project Practica_4.2 ****
make -j12 all 
arm-none-eabi-gcc "../Src/main.c" -mcpu=cortex-m4 -std=gnu11 -g3 -DDEBUG -DUSE_HAL_DRIVER -DSTM32F401xE -c -I../Drivers/STM32F4xx_HAL_Driver/Inc -I../Drivers/STM32F4xx_HAL_Driver/Inc/Legacy -I../Drivers/CMSIS/Device/ST/STM32F4xx/Include -I../Drivers/CMSIS/Include -I"/home/fm/CESE/PdM_workspace/Practica_4.2/Drivers/API/inc" -I"/home/fm/CESE/PdM_workspace/Practica_4.2/Inc" -I/home/fm/CESE/PdM_workspace/Practica_4.2/Drivers/Core/Inc -O0 -ffunction-sections -fdata-sections -Wall -fstack-usage -fcyclomatic-complexity -MMD -MP -MF"Src/main.d" -MT"Src/main.o" --specs=nano.specs -mfpu=fpv4-sp-d16 -mfloat-abi=hard -mthumb -o "Src/main.o"
arm-none-eabi-gcc "../Drivers/API/src/API_debounce.c" -mcpu=cortex-m4 -std=gnu11 -g3 -DDEBUG -DUSE_HAL_DRIVER -DSTM32F401xE -c -I../Drivers/STM32F4xx_HAL_Driver/Inc -I../Drivers/STM32F4xx_HAL_Driver/Inc/Legacy -I../Drivers/CMSIS/Device/ST/STM32F4xx/Include -I../Drivers/CMSIS/Include -I"/home/fm/CESE/PdM_workspace/Practica_4.2/Drivers/API/inc" -I"/home/fm/CESE/PdM_workspace/Practica_4.2/Inc" -I/home/fm/CESE/PdM_workspace/Practica_4.2/Drivers/Core/Inc -O0 -ffunction-sections -fdata-sections -Wall -fstack-usage -fcyclomatic-complexity -MMD -MP -MF"Drivers/API/src/API_debounce.d" -MT"Drivers/API/src/API_debounce.o" --specs=nano.specs -mfpu=fpv4-sp-d16 -mfloat-abi=hard -mthumb -o "Drivers/API/src/API_debounce.o"
In file included from ../Drivers/API/src/API_debounce.c:9:
/home/fm/CESE/PdM_workspace/Practica_4.2/Drivers/API/inc/API_debounce.h:14:23: error: unknown type name 'debounceState_t'
   14 | void debounceFSM_init(debounceState_t fsm);             // debe cargar el estado inicial
      |                       ^~~~~~~~~~~~~~~
In file included from ../Src/main.c:24:
/home/fm/CESE/PdM_workspace/Practica_4.2/Drivers/API/inc/API_debounce.h:14:23: error: unknown type name 'debounceState_t'
   14 | void debounceFSM_init(debounceState_t fsm);             // debe cargar el estado inicial
      |                       ^~~~~~~~~~~~~~~
/home/fm/CESE/PdM_workspace/Practica_4.2/Drivers/API/inc/API_debounce.h:15:25: error: unknown type name 'debounceState_t'
   15 | void debounceFSM_update(debounceState_t fsm);           // debe leer las entradas, resolver la lógica de
      |                         ^~~~~~~~~~~~~~~
../Drivers/API/src/API_debounce.c:13:8: error: unknown type name 'debounceState_t'
   13 | extern debounceState_t actualState;
      |        ^~~~~~~~~~~~~~~
../Drivers/API/src/API_debounce.c:108:15: warning: 'readKey' defined but not used [-Wunused-function]
  108 | static bool_t readKey()
      |               ^~~~~~~
make: *** [Drivers/API/src/subdir.mk:22: Drivers/API/src/API_debounce.o] Error 1
make: *** Waiting for unfinished jobs....
/home/fm/CESE/PdM_workspace/Practica_4.2/Drivers/API/inc/API_debounce.h:15:25: error: unknown type name 'debounceState_t'
   15 | void debounceFSM_update(debounceState_t fsm);           // debe leer las entradas, resolver la lógica de
      |                         ^~~~~~~~~~~~~~~
../Src/main.c:55:1: error: unknown type name 'debounceState_t'
   55 | debounceState_t actualState;
      | ^~~~~~~~~~~~~~~
../Src/main.c: In function 'main':
../Src/main.c:119:11: warning: implicit declaration of function 'debounceFSM_update' [-Wimplicit-function-declaration]
  119 |           debounceFSM_update(actualState);
      |           ^~~~~~~~~~~~~~~~~~
make: *** [Src/subdir.mk:19: Src/main.o] Error 1
"make -j12 all" terminated with exit code 2. Build might be incomplete.
21:48:36 **** Incremental Build of configuration Debug for project Practica_4.2 ****
make -j12 all 
arm-none-eabi-gcc "../Src/main.c" -mcpu=cortex-m4 -std=gnu11 -g3 -DDEBUG -DUSE_HAL_DRIVER -DSTM32F401xE -c -I../Drivers/STM32F4xx_HAL_Driver/Inc -I../Drivers/STM32F4xx_HAL_Driver/Inc/Legacy -I../Drivers/CMSIS/Device/ST/STM32F4xx/Include -I../Drivers/CMSIS/Include -I"/home/fm/CESE/PdM_workspace/Practica_4.2/Drivers/API/inc" -I"/home/fm/CESE/PdM_workspace/Practica_4.2/Inc" -I/home/fm/CESE/PdM_workspace/Practica_4.2/Drivers/Core/Inc -O0 -ffunction-sections -fdata-sections -Wall -fstack-usage -fcyclomatic-complexity -MMD -MP -MF"Src/main.d" -MT"Src/main.o" --specs=nano.specs -mfpu=fpv4-sp-d16 -mfloat-abi=hard -mthumb -o "Src/main.o"
arm-none-eabi-gcc "../Drivers/API/src/API_debounce.c" -mcpu=cortex-m4 -std=gnu11 -g3 -DDEBUG -DUSE_HAL_DRIVER -DSTM32F401xE -c -I../Drivers/STM32F4xx_HAL_Driver/Inc -I../Drivers/STM32F4xx_HAL_Driver/Inc/Legacy -I../Drivers/CMSIS/Device/ST/STM32F4xx/Include -I../Drivers/CMSIS/Include -I"/home/fm/CESE/PdM_workspace/Practica_4.2/Drivers/API/inc" -I"/home/fm/CESE/PdM_workspace/Practica_4.2/Inc" -I/home/fm/CESE/PdM_workspace/Practica_4.2/Drivers/Core/Inc -O0 -ffunction-sections -fdata-sections -Wall -fstack-usage -fcyclomatic-complexity -MMD -MP -MF"Drivers/API/src/API_debounce.d" -MT"Drivers/API/src/API_debounce.o" --specs=nano.specs -mfpu=fpv4-sp-d16 -mfloat-abi=hard -mthumb -o "Drivers/API/src/API_debounce.o"
In file included from ../Drivers/API/src/API_debounce.c:9:
/home/fm/CESE/PdM_workspace/Practica_4.2/Drivers/API/inc/API_debounce.h:14:23: error: unknown type name 'debounceState_t'
   14 | void debounceFSM_init(debounceState_t fsm);             // debe cargar el estado inicial
      |                       ^~~~~~~~~~~~~~~
In file included from ../Src/main.c:24:
/home/fm/CESE/PdM_workspace/Practica_4.2/Drivers/API/inc/API_debounce.h:14:23: error: unknown type name 'debounceState_t'
   14 | void debounceFSM_init(debounceState_t fsm);             // debe cargar el estado inicial
      |                       ^~~~~~~~~~~~~~~
/home/fm/CESE/PdM_workspace/Practica_4.2/Drivers/API/inc/API_debounce.h:15:25: error: unknown type name 'debounceState_t'
   15 | void debounceFSM_update(debounceState_t fsm);           // debe leer las entradas, resolver la lógica de
      |                         ^~~~~~~~~~~~~~~
/home/fm/CESE/PdM_workspace/Practica_4.2/Drivers/API/inc/API_debounce.h:15:25: error: unknown type name 'debounceState_t'
   15 | void debounceFSM_update(debounceState_t fsm);           // debe leer las entradas, resolver la lógica de
      |                         ^~~~~~~~~~~~~~~
../Drivers/API/src/API_debounce.c:108:15: warning: 'readKey' defined but not used [-Wunused-function]
  108 | static bool_t readKey()
      |               ^~~~~~~
make: *** [Drivers/API/src/subdir.mk:22: Drivers/API/src/API_debounce.o] Error 1
make: *** Waiting for unfinished jobs....
../Src/main.c:55:1: error: unknown type name 'debounceState_t'
   55 | debounceState_t actualState;
      | ^~~~~~~~~~~~~~~
../Src/main.c: In function 'main':
../Src/main.c:119:11: warning: implicit declaration of function 'debounceFSM_update' [-Wimplicit-function-declaration]
  119 |           debounceFSM_update(actualState);
      |           ^~~~~~~~~~~~~~~~~~
make: *** [Src/subdir.mk:19: Src/main.o] Error 1
"make -j12 all" terminated with exit code 2. Build might be incomplete.
21:49:46 **** Incremental Build of configuration Debug for project Practica_4.2 ****
make -j12 all 
arm-none-eabi-gcc "../Src/main.c" -mcpu=cortex-m4 -std=gnu11 -g3 -DDEBUG -DUSE_HAL_DRIVER -DSTM32F401xE -c -I../Drivers/STM32F4xx_HAL_Driver/Inc -I../Drivers/STM32F4xx_HAL_Driver/Inc/Legacy -I../Drivers/CMSIS/Device/ST/STM32F4xx/Include -I../Drivers/CMSIS/Include -I"/home/fm/CESE/PdM_workspace/Practica_4.2/Drivers/API/inc" -I"/home/fm/CESE/PdM_workspace/Practica_4.2/Inc" -I/home/fm/CESE/PdM_workspace/Practica_4.2/Drivers/Core/Inc -O0 -ffunction-sections -fdata-sections -Wall -fstack-usage -fcyclomatic-complexity -MMD -MP -MF"Src/main.d" -MT"Src/main.o" --specs=nano.specs -mfpu=fpv4-sp-d16 -mfloat-abi=hard -mthumb -o "Src/main.o"
arm-none-eabi-gcc "../Drivers/API/src/API_debounce.c" -mcpu=cortex-m4 -std=gnu11 -g3 -DDEBUG -DUSE_HAL_DRIVER -DSTM32F401xE -c -I../Drivers/STM32F4xx_HAL_Driver/Inc -I../Drivers/STM32F4xx_HAL_Driver/Inc/Legacy -I../Drivers/CMSIS/Device/ST/STM32F4xx/Include -I../Drivers/CMSIS/Include -I"/home/fm/CESE/PdM_workspace/Practica_4.2/Drivers/API/inc" -I"/home/fm/CESE/PdM_workspace/Practica_4.2/Inc" -I/home/fm/CESE/PdM_workspace/Practica_4.2/Drivers/Core/Inc -O0 -ffunction-sections -fdata-sections -Wall -fstack-usage -fcyclomatic-complexity -MMD -MP -MF"Drivers/API/src/API_debounce.d" -MT"Drivers/API/src/API_debounce.o" --specs=nano.specs -mfpu=fpv4-sp-d16 -mfloat-abi=hard -mthumb -o "Drivers/API/src/API_debounce.o"
../Drivers/API/src/API_debounce.c:101:15: warning: 'readKey' defined but not used [-Wunused-function]
  101 | static bool_t readKey()
      |               ^~~~~~~
arm-none-eabi-gcc -o "Practica_4.2.elf" @"objects.list"   -mcpu=cortex-m4 -T"/home/fm/CESE/PdM_workspace/Practica_4.2/STM32F401RETX_FLASH.ld" --specs=nosys.specs -Wl,-Map="Practica_4.2.map" -Wl,--gc-sections -static --specs=nano.specs -mfpu=fpv4-sp-d16 -mfloat-abi=hard -mthumb -Wl,--start-group -lc -lm -Wl,--end-group
Finished building target: Practica_4.2.elf
 
arm-none-eabi-size   Practica_4.2.elf 
arm-none-eabi-objdump -h -S  Practica_4.2.elf  > "Practica_4.2.list"
   text	   data	    bss	    dec	    hex	filename
   8340	     24	   1656	  10020	   2724	Practica_4.2.elf
Finished building: default.size.stdout
 
Finished building: Practica_4.2.list
 
21:57:53 **** Incremental Build of configuration Debug for project Practica_4.2 ****
make -j12 all 
arm-none-eabi-gcc "../Src/main.c" -mcpu=cortex-m4 -std=gnu11 -g3 -DDEBUG -DUSE_HAL_DRIVER -DSTM32F401xE -c -I../Drivers/STM32F4xx_HAL_Driver/Inc -I../Drivers/STM32F4xx_HAL_Driver/Inc/Legacy -I../Drivers/CMSIS/Device/ST/STM32F4xx/Include -I../Drivers/CMSIS/Include -I"/home/fm/CESE/PdM_workspace/Practica_4.2/Drivers/API/inc" -I"/home/fm/CESE/PdM_workspace/Practica_4.2/Inc" -I/home/fm/CESE/PdM_workspace/Practica_4.2/Drivers/Core/Inc -O0 -ffunction-sections -fdata-sections -Wall -fstack-usage -fcyclomatic-complexity -MMD -MP -MF"Src/main.d" -MT"Src/main.o" --specs=nano.specs -mfpu=fpv4-sp-d16 -mfloat-abi=hard -mthumb -o "Src/main.o"
arm-none-eabi-gcc "../Drivers/API/src/API_debounce.c" -mcpu=cortex-m4 -std=gnu11 -g3 -DDEBUG -DUSE_HAL_DRIVER -DSTM32F401xE -c -I../Drivers/STM32F4xx_HAL_Driver/Inc -I../Drivers/STM32F4xx_HAL_Driver/Inc/Legacy -I../Drivers/CMSIS/Device/ST/STM32F4xx/Include -I../Drivers/CMSIS/Include -I"/home/fm/CESE/PdM_workspace/Practica_4.2/Drivers/API/inc" -I"/home/fm/CESE/PdM_workspace/Practica_4.2/Inc" -I/home/fm/CESE/PdM_workspace/Practica_4.2/Drivers/Core/Inc -O0 -ffunction-sections -fdata-sections -Wall -fstack-usage -fcyclomatic-complexity -MMD -MP -MF"Drivers/API/src/API_debounce.d" -MT"Drivers/API/src/API_debounce.o" --specs=nano.specs -mfpu=fpv4-sp-d16 -mfloat-abi=hard -mthumb -o "Drivers/API/src/API_debounce.o"
../Drivers/API/src/API_debounce.c:103:15: warning: 'readKey' defined but not used [-Wunused-function]
  103 | static bool_t readKey()
      |               ^~~~~~~
arm-none-eabi-gcc -o "Practica_4.2.elf" @"objects.list"   -mcpu=cortex-m4 -T"/home/fm/CESE/PdM_workspace/Practica_4.2/STM32F401RETX_FLASH.ld" --specs=nosys.specs -Wl,-Map="Practica_4.2.map" -Wl,--gc-sections -static --specs=nano.specs -mfpu=fpv4-sp-d16 -mfloat-abi=hard -mthumb -Wl,--start-group -lc -lm -Wl,--end-group
Finished building target: Practica_4.2.elf
 
arm-none-eabi-size   Practica_4.2.elf 
arm-none-eabi-objdump -h -S  Practica_4.2.elf  > "Practica_4.2.list"
   text	   data	    bss	    dec	    hex	filename
   8344	     24	   1656	  10024	   2728	Practica_4.2.elf
Finished building: default.size.stdout
 
Finished building: Practica_4.2.list
 
21:58:17 **** Incremental Build of configuration Debug for project Practica_4.2 ****
make -j12 all 
arm-none-eabi-gcc "../Drivers/API/src/API_debounce.c" -mcpu=cortex-m4 -std=gnu11 -g3 -DDEBUG -DUSE_HAL_DRIVER -DSTM32F401xE -c -I../Drivers/STM32F4xx_HAL_Driver/Inc -I../Drivers/STM32F4xx_HAL_Driver/Inc/Legacy -I../Drivers/CMSIS/Device/ST/STM32F4xx/Include -I../Drivers/CMSIS/Include -I"/home/fm/CESE/PdM_workspace/Practica_4.2/Drivers/API/inc" -I"/home/fm/CESE/PdM_workspace/Practica_4.2/Inc" -I/home/fm/CESE/PdM_workspace/Practica_4.2/Drivers/Core/Inc -O0 -ffunction-sections -fdata-sections -Wall -fstack-usage -fcyclomatic-complexity -MMD -MP -MF"Drivers/API/src/API_debounce.d" -MT"Drivers/API/src/API_debounce.o" --specs=nano.specs -mfpu=fpv4-sp-d16 -mfloat-abi=hard -mthumb -o "Drivers/API/src/API_debounce.o"
../Drivers/API/src/API_debounce.c:103:15: warning: 'readKey' defined but not used [-Wunused-function]
  103 | static bool_t readKey()
      |               ^~~~~~~
arm-none-eabi-gcc -o "Practica_4.2.elf" @"objects.list"   -mcpu=cortex-m4 -T"/home/fm/CESE/PdM_workspace/Practica_4.2/STM32F401RETX_FLASH.ld" --specs=nosys.specs -Wl,-Map="Practica_4.2.map" -Wl,--gc-sections -static --specs=nano.specs -mfpu=fpv4-sp-d16 -mfloat-abi=hard -mthumb -Wl,--start-group -lc -lm -Wl,--end-group
Finished building target: Practica_4.2.elf
 
arm-none-eabi-size   Practica_4.2.elf 
arm-none-eabi-objdump -h -S  Practica_4.2.elf  > "Practica_4.2.list"
   text	   data	    bss	    dec	    hex	filename
   8344	     24	   1656	  10024	   2728	Practica_4.2.elf
Finished building: default.size.stdout
 
Finished building: Practica_4.2.list
 
21:59:08 **** Incremental Build of configuration Debug for project Practica_4.2 ****
make -j12 all 
arm-none-eabi-gcc "../Src/main.c" -mcpu=cortex-m4 -std=gnu11 -g3 -DDEBUG -DUSE_HAL_DRIVER -DSTM32F401xE -c -I../Drivers/STM32F4xx_HAL_Driver/Inc -I../Drivers/STM32F4xx_HAL_Driver/Inc/Legacy -I../Drivers/CMSIS/Device/ST/STM32F4xx/Include -I../Drivers/CMSIS/Include -I"/home/fm/CESE/PdM_workspace/Practica_4.2/Drivers/API/inc" -I"/home/fm/CESE/PdM_workspace/Practica_4.2/Inc" -I/home/fm/CESE/PdM_workspace/Practica_4.2/Drivers/Core/Inc -O0 -ffunction-sections -fdata-sections -Wall -fstack-usage -fcyclomatic-complexity -MMD -MP -MF"Src/main.d" -MT"Src/main.o" --specs=nano.specs -mfpu=fpv4-sp-d16 -mfloat-abi=hard -mthumb -o "Src/main.o"
arm-none-eabi-gcc "../Drivers/API/src/API_debounce.c" -mcpu=cortex-m4 -std=gnu11 -g3 -DDEBUG -DUSE_HAL_DRIVER -DSTM32F401xE -c -I../Drivers/STM32F4xx_HAL_Driver/Inc -I../Drivers/STM32F4xx_HAL_Driver/Inc/Legacy -I../Drivers/CMSIS/Device/ST/STM32F4xx/Include -I../Drivers/CMSIS/Include -I"/home/fm/CESE/PdM_workspace/Practica_4.2/Drivers/API/inc" -I"/home/fm/CESE/PdM_workspace/Practica_4.2/Inc" -I/home/fm/CESE/PdM_workspace/Practica_4.2/Drivers/Core/Inc -O0 -ffunction-sections -fdata-sections -Wall -fstack-usage -fcyclomatic-complexity -MMD -MP -MF"Drivers/API/src/API_debounce.d" -MT"Drivers/API/src/API_debounce.o" --specs=nano.specs -mfpu=fpv4-sp-d16 -mfloat-abi=hard -mthumb -o "Drivers/API/src/API_debounce.o"
../Drivers/API/src/API_debounce.c:103:15: warning: 'readKey' defined but not used [-Wunused-function]
  103 | static bool_t readKey()
      |               ^~~~~~~
arm-none-eabi-gcc -o "Practica_4.2.elf" @"objects.list"   -mcpu=cortex-m4 -T"/home/fm/CESE/PdM_workspace/Practica_4.2/STM32F401RETX_FLASH.ld" --specs=nosys.specs -Wl,-Map="Practica_4.2.map" -Wl,--gc-sections -static --specs=nano.specs -mfpu=fpv4-sp-d16 -mfloat-abi=hard -mthumb -Wl,--start-group -lc -lm -Wl,--end-group
Finished building target: Practica_4.2.elf
 
arm-none-eabi-size   Practica_4.2.elf 
arm-none-eabi-objdump -h -S  Practica_4.2.elf  > "Practica_4.2.list"
   text	   data	    bss	    dec	    hex	filename
   8344	     24	   1656	  10024	   2728	Practica_4.2.elf
Finished building: default.size.stdout
 
Finished building: Practica_4.2.list
 
22:00:59 **** Incremental Build of configuration Debug for project Practica_4.2 ****
make -j12 all 
arm-none-eabi-gcc "../Src/main.c" -mcpu=cortex-m4 -std=gnu11 -g3 -DDEBUG -DUSE_HAL_DRIVER -DSTM32F401xE -c -I../Drivers/STM32F4xx_HAL_Driver/Inc -I../Drivers/STM32F4xx_HAL_Driver/Inc/Legacy -I../Drivers/CMSIS/Device/ST/STM32F4xx/Include -I../Drivers/CMSIS/Include -I"/home/fm/CESE/PdM_workspace/Practica_4.2/Drivers/API/inc" -I"/home/fm/CESE/PdM_workspace/Practica_4.2/Inc" -I/home/fm/CESE/PdM_workspace/Practica_4.2/Drivers/Core/Inc -O0 -ffunction-sections -fdata-sections -Wall -fstack-usage -fcyclomatic-complexity -MMD -MP -MF"Src/main.d" -MT"Src/main.o" --specs=nano.specs -mfpu=fpv4-sp-d16 -mfloat-abi=hard -mthumb -o "Src/main.o"
arm-none-eabi-gcc "../Drivers/API/src/API_debounce.c" -mcpu=cortex-m4 -std=gnu11 -g3 -DDEBUG -DUSE_HAL_DRIVER -DSTM32F401xE -c -I../Drivers/STM32F4xx_HAL_Driver/Inc -I../Drivers/STM32F4xx_HAL_Driver/Inc/Legacy -I../Drivers/CMSIS/Device/ST/STM32F4xx/Include -I../Drivers/CMSIS/Include -I"/home/fm/CESE/PdM_workspace/Practica_4.2/Drivers/API/inc" -I"/home/fm/CESE/PdM_workspace/Practica_4.2/Inc" -I/home/fm/CESE/PdM_workspace/Practica_4.2/Drivers/Core/Inc -O0 -ffunction-sections -fdata-sections -Wall -fstack-usage -fcyclomatic-complexity -MMD -MP -MF"Drivers/API/src/API_debounce.d" -MT"Drivers/API/src/API_debounce.o" --specs=nano.specs -mfpu=fpv4-sp-d16 -mfloat-abi=hard -mthumb -o "Drivers/API/src/API_debounce.o"
../Drivers/API/src/API_debounce.c:103:15: warning: 'readKey' defined but not used [-Wunused-function]
  103 | static bool_t readKey()
      |               ^~~~~~~
arm-none-eabi-gcc -o "Practica_4.2.elf" @"objects.list"   -mcpu=cortex-m4 -T"/home/fm/CESE/PdM_workspace/Practica_4.2/STM32F401RETX_FLASH.ld" --specs=nosys.specs -Wl,-Map="Practica_4.2.map" -Wl,--gc-sections -static --specs=nano.specs -mfpu=fpv4-sp-d16 -mfloat-abi=hard -mthumb -Wl,--start-group -lc -lm -Wl,--end-group
/opt/st/stm32cubeide_1.13.0/plugins/com.st.stm32cube.ide.mcu.externaltools.gnu-tools-for-stm32.11.3.rel1.linux64_1.1.0.202305231506/tools/bin/../lib/gcc/arm-none-eabi/11.3.1/../../../../arm-none-eabi/bin/ld: ./Src/main.o: in function `main':
/home/fm/CESE/PdM_workspace/Practica_4.2/Debug/../Src/main.c:120: undefined reference to `actualState'
collect2: error: ld returned 1 exit status
make: *** [makefile:66: Practica_4.2.elf] Error 1
"make -j12 all" terminated with exit code 2. Build might be incomplete.
22:02:55 **** Incremental Build of configuration Debug for project Practica_4.2 ****
make -j12 all 
arm-none-eabi-gcc "../Src/main.c" -mcpu=cortex-m4 -std=gnu11 -g3 -DDEBUG -DUSE_HAL_DRIVER -DSTM32F401xE -c -I../Drivers/STM32F4xx_HAL_Driver/Inc -I../Drivers/STM32F4xx_HAL_Driver/Inc/Legacy -I../Drivers/CMSIS/Device/ST/STM32F4xx/Include -I../Drivers/CMSIS/Include -I"/home/fm/CESE/PdM_workspace/Practica_4.2/Drivers/API/inc" -I"/home/fm/CESE/PdM_workspace/Practica_4.2/Inc" -I/home/fm/CESE/PdM_workspace/Practica_4.2/Drivers/Core/Inc -O0 -ffunction-sections -fdata-sections -Wall -fstack-usage -fcyclomatic-complexity -MMD -MP -MF"Src/main.d" -MT"Src/main.o" --specs=nano.specs -mfpu=fpv4-sp-d16 -mfloat-abi=hard -mthumb -o "Src/main.o"
arm-none-eabi-gcc "../Drivers/API/src/API_debounce.c" -mcpu=cortex-m4 -std=gnu11 -g3 -DDEBUG -DUSE_HAL_DRIVER -DSTM32F401xE -c -I../Drivers/STM32F4xx_HAL_Driver/Inc -I../Drivers/STM32F4xx_HAL_Driver/Inc/Legacy -I../Drivers/CMSIS/Device/ST/STM32F4xx/Include -I../Drivers/CMSIS/Include -I"/home/fm/CESE/PdM_workspace/Practica_4.2/Drivers/API/inc" -I"/home/fm/CESE/PdM_workspace/Practica_4.2/Inc" -I/home/fm/CESE/PdM_workspace/Practica_4.2/Drivers/Core/Inc -O0 -ffunction-sections -fdata-sections -Wall -fstack-usage -fcyclomatic-complexity -MMD -MP -MF"Drivers/API/src/API_debounce.d" -MT"Drivers/API/src/API_debounce.o" --specs=nano.specs -mfpu=fpv4-sp-d16 -mfloat-abi=hard -mthumb -o "Drivers/API/src/API_debounce.o"
../Drivers/API/src/API_debounce.c:103:15: warning: 'readKey' defined but not used [-Wunused-function]
  103 | static bool_t readKey()
      |               ^~~~~~~
arm-none-eabi-gcc -o "Practica_4.2.elf" @"objects.list"   -mcpu=cortex-m4 -T"/home/fm/CESE/PdM_workspace/Practica_4.2/STM32F401RETX_FLASH.ld" --specs=nosys.specs -Wl,-Map="Practica_4.2.map" -Wl,--gc-sections -static --specs=nano.specs -mfpu=fpv4-sp-d16 -mfloat-abi=hard -mthumb -Wl,--start-group -lc -lm -Wl,--end-group
/opt/st/stm32cubeide_1.13.0/plugins/com.st.stm32cube.ide.mcu.externaltools.gnu-tools-for-stm32.11.3.rel1.linux64_1.1.0.202305231506/tools/bin/../lib/gcc/arm-none-eabi/11.3.1/../../../../arm-none-eabi/bin/ld: ./Drivers/API/src/API_debounce.o: in function `debounceFSM_init':
/home/fm/CESE/PdM_workspace/Practica_4.2/Debug/../Drivers/API/src/API_debounce.c:31: undefined reference to `actualState'
/opt/st/stm32cubeide_1.13.0/plugins/com.st.stm32cube.ide.mcu.externaltools.gnu-tools-for-stm32.11.3.rel1.linux64_1.1.0.202305231506/tools/bin/../lib/gcc/arm-none-eabi/11.3.1/../../../../arm-none-eabi/bin/ld: ./Drivers/API/src/API_debounce.o: in function `debounceFSM_update':
/home/fm/CESE/PdM_workspace/Practica_4.2/Debug/../Drivers/API/src/API_debounce.c:79: undefined reference to `actualState'
collect2: error: ld returned 1 exit status
make: *** [makefile:66: Practica_4.2.elf] Error 1
"make -j12 all" terminated with exit code 2. Build might be incomplete.
22:03:33 **** Incremental Build of configuration Debug for project Practica_4.2 ****
make -j12 all 
arm-none-eabi-gcc "../Src/main.c" -mcpu=cortex-m4 -std=gnu11 -g3 -DDEBUG -DUSE_HAL_DRIVER -DSTM32F401xE -c -I../Drivers/STM32F4xx_HAL_Driver/Inc -I../Drivers/STM32F4xx_HAL_Driver/Inc/Legacy -I../Drivers/CMSIS/Device/ST/STM32F4xx/Include -I../Drivers/CMSIS/Include -I"/home/fm/CESE/PdM_workspace/Practica_4.2/Drivers/API/inc" -I"/home/fm/CESE/PdM_workspace/Practica_4.2/Inc" -I/home/fm/CESE/PdM_workspace/Practica_4.2/Drivers/Core/Inc -O0 -ffunction-sections -fdata-sections -Wall -fstack-usage -fcyclomatic-complexity -MMD -MP -MF"Src/main.d" -MT"Src/main.o" --specs=nano.specs -mfpu=fpv4-sp-d16 -mfloat-abi=hard -mthumb -o "Src/main.o"
arm-none-eabi-gcc -o "Practica_4.2.elf" @"objects.list"   -mcpu=cortex-m4 -T"/home/fm/CESE/PdM_workspace/Practica_4.2/STM32F401RETX_FLASH.ld" --specs=nosys.specs -Wl,-Map="Practica_4.2.map" -Wl,--gc-sections -static --specs=nano.specs -mfpu=fpv4-sp-d16 -mfloat-abi=hard -mthumb -Wl,--start-group -lc -lm -Wl,--end-group
Finished building target: Practica_4.2.elf
 
arm-none-eabi-size   Practica_4.2.elf 
arm-none-eabi-objdump -h -S  Practica_4.2.elf  > "Practica_4.2.list"
   text	   data	    bss	    dec	    hex	filename
   8344	     24	   1656	  10024	   2728	Practica_4.2.elf
Finished building: default.size.stdout
 
Finished building: Practica_4.2.list
 
22:05:01 **** Incremental Build of configuration Debug for project Practica_4.2 ****
make -j12 all 
arm-none-eabi-gcc "../Src/main.c" -mcpu=cortex-m4 -std=gnu11 -g3 -DDEBUG -DUSE_HAL_DRIVER -DSTM32F401xE -c -I../Drivers/STM32F4xx_HAL_Driver/Inc -I../Drivers/STM32F4xx_HAL_Driver/Inc/Legacy -I../Drivers/CMSIS/Device/ST/STM32F4xx/Include -I../Drivers/CMSIS/Include -I"/home/fm/CESE/PdM_workspace/Practica_4.2/Drivers/API/inc" -I"/home/fm/CESE/PdM_workspace/Practica_4.2/Inc" -I/home/fm/CESE/PdM_workspace/Practica_4.2/Drivers/Core/Inc -O0 -ffunction-sections -fdata-sections -Wall -fstack-usage -fcyclomatic-complexity -MMD -MP -MF"Src/main.d" -MT"Src/main.o" --specs=nano.specs -mfpu=fpv4-sp-d16 -mfloat-abi=hard -mthumb -o "Src/main.o"
arm-none-eabi-gcc -o "Practica_4.2.elf" @"objects.list"   -mcpu=cortex-m4 -T"/home/fm/CESE/PdM_workspace/Practica_4.2/STM32F401RETX_FLASH.ld" --specs=nosys.specs -Wl,-Map="Practica_4.2.map" -Wl,--gc-sections -static --specs=nano.specs -mfpu=fpv4-sp-d16 -mfloat-abi=hard -mthumb -Wl,--start-group -lc -lm -Wl,--end-group
Finished building target: Practica_4.2.elf
 
arm-none-eabi-size   Practica_4.2.elf 
arm-none-eabi-objdump -h -S  Practica_4.2.elf  > "Practica_4.2.list"
   text	   data	    bss	    dec	    hex	filename
   8344	     24	   1656	  10024	   2728	Practica_4.2.elf
Finished building: default.size.stdout
 
Finished building: Practica_4.2.list
 
22:05:09 **** Incremental Build of configuration Debug for project Practica_4.2 ****
make -j12 all 
arm-none-eabi-size   Practica_4.2.elf 
   text	   data	    bss	    dec	    hex	filename
   8344	     24	   1656	  10024	   2728	Practica_4.2.elf
Finished building: default.size.stdout
 
22:17:02 **** Incremental Build of configuration Debug for project Practica_4.2 ****
make -j12 all 
arm-none-eabi-gcc "../Drivers/API/src/API_debounce.c" -mcpu=cortex-m4 -std=gnu11 -g3 -DDEBUG -DUSE_HAL_DRIVER -DSTM32F401xE -c -I../Drivers/STM32F4xx_HAL_Driver/Inc -I../Drivers/STM32F4xx_HAL_Driver/Inc/Legacy -I../Drivers/CMSIS/Device/ST/STM32F4xx/Include -I../Drivers/CMSIS/Include -I"/home/fm/CESE/PdM_workspace/Practica_4.2/Drivers/API/inc" -I"/home/fm/CESE/PdM_workspace/Practica_4.2/Inc" -I/home/fm/CESE/PdM_workspace/Practica_4.2/Drivers/Core/Inc -O0 -ffunction-sections -fdata-sections -Wall -fstack-usage -fcyclomatic-complexity -MMD -MP -MF"Drivers/API/src/API_debounce.d" -MT"Drivers/API/src/API_debounce.o" --specs=nano.specs -mfpu=fpv4-sp-d16 -mfloat-abi=hard -mthumb -o "Drivers/API/src/API_debounce.o"
../Drivers/API/src/API_debounce.c:105:15: warning: 'readKey' defined but not used [-Wunused-function]
  105 | static bool_t readKey()
      |               ^~~~~~~
arm-none-eabi-gcc -o "Practica_4.2.elf" @"objects.list"   -mcpu=cortex-m4 -T"/home/fm/CESE/PdM_workspace/Practica_4.2/STM32F401RETX_FLASH.ld" --specs=nosys.specs -Wl,-Map="Practica_4.2.map" -Wl,--gc-sections -static --specs=nano.specs -mfpu=fpv4-sp-d16 -mfloat-abi=hard -mthumb -Wl,--start-group -lc -lm -Wl,--end-group
Finished building target: Practica_4.2.elf
 
arm-none-eabi-size   Practica_4.2.elf 
arm-none-eabi-objdump -h -S  Practica_4.2.elf  > "Practica_4.2.list"
   text	   data	    bss	    dec	    hex	filename
   8356	     24	   1656	  10036	   2734	Practica_4.2.elf
Finished building: default.size.stdout
 
Finished building: Practica_4.2.list
 
22:17:17 **** Incremental Build of configuration Debug for project Practica_4.2 ****
make -j12 all 
arm-none-eabi-gcc "../Drivers/API/src/API_debounce.c" -mcpu=cortex-m4 -std=gnu11 -g3 -DDEBUG -DUSE_HAL_DRIVER -DSTM32F401xE -c -I../Drivers/STM32F4xx_HAL_Driver/Inc -I../Drivers/STM32F4xx_HAL_Driver/Inc/Legacy -I../Drivers/CMSIS/Device/ST/STM32F4xx/Include -I../Drivers/CMSIS/Include -I"/home/fm/CESE/PdM_workspace/Practica_4.2/Drivers/API/inc" -I"/home/fm/CESE/PdM_workspace/Practica_4.2/Inc" -I/home/fm/CESE/PdM_workspace/Practica_4.2/Drivers/Core/Inc -O0 -ffunction-sections -fdata-sections -Wall -fstack-usage -fcyclomatic-complexity -MMD -MP -MF"Drivers/API/src/API_debounce.d" -MT"Drivers/API/src/API_debounce.o" --specs=nano.specs -mfpu=fpv4-sp-d16 -mfloat-abi=hard -mthumb -o "Drivers/API/src/API_debounce.o"
../Drivers/API/src/API_debounce.c:105:15: warning: 'readKey' defined but not used [-Wunused-function]
  105 | static bool_t readKey()
      |               ^~~~~~~
arm-none-eabi-gcc -o "Practica_4.2.elf" @"objects.list"   -mcpu=cortex-m4 -T"/home/fm/CESE/PdM_workspace/Practica_4.2/STM32F401RETX_FLASH.ld" --specs=nosys.specs -Wl,-Map="Practica_4.2.map" -Wl,--gc-sections -static --specs=nano.specs -mfpu=fpv4-sp-d16 -mfloat-abi=hard -mthumb -Wl,--start-group -lc -lm -Wl,--end-group
Finished building target: Practica_4.2.elf
 
arm-none-eabi-size   Practica_4.2.elf 
arm-none-eabi-objdump -h -S  Practica_4.2.elf  > "Practica_4.2.list"
   text	   data	    bss	    dec	    hex	filename
   8356	     24	   1656	  10036	   2734	Practica_4.2.elf
Finished building: default.size.stdout
 
Finished building: Practica_4.2.list
 
22:20:46 **** Incremental Build of configuration Debug for project Practica_4.2 ****
make -j12 all 
arm-none-eabi-gcc "../Drivers/API/src/API_debounce.c" -mcpu=cortex-m4 -std=gnu11 -g3 -DDEBUG -DUSE_HAL_DRIVER -DSTM32F401xE -c -I../Drivers/STM32F4xx_HAL_Driver/Inc -I../Drivers/STM32F4xx_HAL_Driver/Inc/Legacy -I../Drivers/CMSIS/Device/ST/STM32F4xx/Include -I../Drivers/CMSIS/Include -I"/home/fm/CESE/PdM_workspace/Practica_4.2/Drivers/API/inc" -I"/home/fm/CESE/PdM_workspace/Practica_4.2/Inc" -I/home/fm/CESE/PdM_workspace/Practica_4.2/Drivers/Core/Inc -O0 -ffunction-sections -fdata-sections -Wall -fstack-usage -fcyclomatic-complexity -MMD -MP -MF"Drivers/API/src/API_debounce.d" -MT"Drivers/API/src/API_debounce.o" --specs=nano.specs -mfpu=fpv4-sp-d16 -mfloat-abi=hard -mthumb -o "Drivers/API/src/API_debounce.o"
../Drivers/API/src/API_debounce.c:106:15: warning: 'readKey' defined but not used [-Wunused-function]
  106 | static bool_t readKey()
      |               ^~~~~~~
arm-none-eabi-gcc -o "Practica_4.2.elf" @"objects.list"   -mcpu=cortex-m4 -T"/home/fm/CESE/PdM_workspace/Practica_4.2/STM32F401RETX_FLASH.ld" --specs=nosys.specs -Wl,-Map="Practica_4.2.map" -Wl,--gc-sections -static --specs=nano.specs -mfpu=fpv4-sp-d16 -mfloat-abi=hard -mthumb -Wl,--start-group -lc -lm -Wl,--end-group
Finished building target: Practica_4.2.elf
 
arm-none-eabi-size   Practica_4.2.elf 
arm-none-eabi-objdump -h -S  Practica_4.2.elf  > "Practica_4.2.list"
   text	   data	    bss	    dec	    hex	filename
   8364	     24	   1656	  10044	   273c	Practica_4.2.elf
Finished building: default.size.stdout
 
Finished building: Practica_4.2.list
 
22:44:16 **** Incremental Build of configuration Debug for project Practica_4.2 ****
make -j12 all 
arm-none-eabi-gcc "../Drivers/API/src/API_debounce.c" -mcpu=cortex-m4 -std=gnu11 -g3 -DDEBUG -DUSE_HAL_DRIVER -DSTM32F401xE -c -I../Drivers/STM32F4xx_HAL_Driver/Inc -I../Drivers/STM32F4xx_HAL_Driver/Inc/Legacy -I../Drivers/CMSIS/Device/ST/STM32F4xx/Include -I../Drivers/CMSIS/Include -I"/home/fm/CESE/PdM_workspace/Practica_4.2/Drivers/API/inc" -I"/home/fm/CESE/PdM_workspace/Practica_4.2/Inc" -I/home/fm/CESE/PdM_workspace/Practica_4.2/Drivers/Core/Inc -O0 -ffunction-sections -fdata-sections -Wall -fstack-usage -fcyclomatic-complexity -MMD -MP -MF"Drivers/API/src/API_debounce.d" -MT"Drivers/API/src/API_debounce.o" --specs=nano.specs -mfpu=fpv4-sp-d16 -mfloat-abi=hard -mthumb -o "Drivers/API/src/API_debounce.o"
../Drivers/API/src/API_debounce.c:106:15: warning: 'readKey' defined but not used [-Wunused-function]
  106 | static bool_t readKey()
      |               ^~~~~~~
arm-none-eabi-gcc -o "Practica_4.2.elf" @"objects.list"   -mcpu=cortex-m4 -T"/home/fm/CESE/PdM_workspace/Practica_4.2/STM32F401RETX_FLASH.ld" --specs=nosys.specs -Wl,-Map="Practica_4.2.map" -Wl,--gc-sections -static --specs=nano.specs -mfpu=fpv4-sp-d16 -mfloat-abi=hard -mthumb -Wl,--start-group -lc -lm -Wl,--end-group
Finished building target: Practica_4.2.elf
 
arm-none-eabi-size   Practica_4.2.elf 
arm-none-eabi-objdump -h -S  Practica_4.2.elf  > "Practica_4.2.list"
   text	   data	    bss	    dec	    hex	filename
   8364	     24	   1656	  10044	   273c	Practica_4.2.elf
Finished building: default.size.stdout
 
Finished building: Practica_4.2.list
 
22:46:35 **** Incremental Build of configuration Debug for project Practica_4.2 ****
make -j12 all 
arm-none-eabi-gcc "../Drivers/API/src/API_debounce.c" -mcpu=cortex-m4 -std=gnu11 -g3 -DDEBUG -DUSE_HAL_DRIVER -DSTM32F401xE -c -I../Drivers/STM32F4xx_HAL_Driver/Inc -I../Drivers/STM32F4xx_HAL_Driver/Inc/Legacy -I../Drivers/CMSIS/Device/ST/STM32F4xx/Include -I../Drivers/CMSIS/Include -I"/home/fm/CESE/PdM_workspace/Practica_4.2/Drivers/API/inc" -I"/home/fm/CESE/PdM_workspace/Practica_4.2/Inc" -I/home/fm/CESE/PdM_workspace/Practica_4.2/Drivers/Core/Inc -O0 -ffunction-sections -fdata-sections -Wall -fstack-usage -fcyclomatic-complexity -MMD -MP -MF"Drivers/API/src/API_debounce.d" -MT"Drivers/API/src/API_debounce.o" --specs=nano.specs -mfpu=fpv4-sp-d16 -mfloat-abi=hard -mthumb -o "Drivers/API/src/API_debounce.o"
../Drivers/API/src/API_debounce.c:106:15: warning: 'readKey' defined but not used [-Wunused-function]
  106 | static bool_t readKey()
      |               ^~~~~~~
arm-none-eabi-gcc -o "Practica_4.2.elf" @"objects.list"   -mcpu=cortex-m4 -T"/home/fm/CESE/PdM_workspace/Practica_4.2/STM32F401RETX_FLASH.ld" --specs=nosys.specs -Wl,-Map="Practica_4.2.map" -Wl,--gc-sections -static --specs=nano.specs -mfpu=fpv4-sp-d16 -mfloat-abi=hard -mthumb -Wl,--start-group -lc -lm -Wl,--end-group
Finished building target: Practica_4.2.elf
 
arm-none-eabi-size   Practica_4.2.elf 
arm-none-eabi-objdump -h -S  Practica_4.2.elf  > "Practica_4.2.list"
   text	   data	    bss	    dec	    hex	filename
   8364	     24	   1656	  10044	   273c	Practica_4.2.elf
Finished building: default.size.stdout
 
Finished building: Practica_4.2.list
 
22:46:47 **** Incremental Build of configuration Debug for project Practica_4.2 ****
make -j12 all 
arm-none-eabi-size   Practica_4.2.elf 
   text	   data	    bss	    dec	    hex	filename
   8364	     24	   1656	  10044	   273c	Practica_4.2.elf
Finished building: default.size.stdout
 
22:57:59 **** Incremental Build of configuration Debug for project Practica_4.2 ****
make -j12 all 
arm-none-eabi-gcc "../Src/main.c" -mcpu=cortex-m4 -std=gnu11 -g3 -DDEBUG -DUSE_HAL_DRIVER -DSTM32F401xE -c -I../Drivers/STM32F4xx_HAL_Driver/Inc -I../Drivers/STM32F4xx_HAL_Driver/Inc/Legacy -I../Drivers/CMSIS/Device/ST/STM32F4xx/Include -I../Drivers/CMSIS/Include -I"/home/fm/CESE/PdM_workspace/Practica_4.2/Drivers/API/inc" -I"/home/fm/CESE/PdM_workspace/Practica_4.2/Inc" -I/home/fm/CESE/PdM_workspace/Practica_4.2/Drivers/Core/Inc -O0 -ffunction-sections -fdata-sections -Wall -fstack-usage -fcyclomatic-complexity -MMD -MP -MF"Src/main.d" -MT"Src/main.o" --specs=nano.specs -mfpu=fpv4-sp-d16 -mfloat-abi=hard -mthumb -o "Src/main.o"
arm-none-eabi-gcc "../Drivers/Core/Src/stm32f4xx_hal_msp.c" -mcpu=cortex-m4 -std=gnu11 -g3 -DDEBUG -DUSE_HAL_DRIVER -DSTM32F401xE -c -I../Drivers/STM32F4xx_HAL_Driver/Inc -I../Drivers/STM32F4xx_HAL_Driver/Inc/Legacy -I../Drivers/CMSIS/Device/ST/STM32F4xx/Include -I../Drivers/CMSIS/Include -I"/home/fm/CESE/PdM_workspace/Practica_4.2/Drivers/API/inc" -I"/home/fm/CESE/PdM_workspace/Practica_4.2/Inc" -I/home/fm/CESE/PdM_workspace/Practica_4.2/Drivers/Core/Inc -O0 -ffunction-sections -fdata-sections -Wall -fstack-usage -fcyclomatic-complexity -MMD -MP -MF"Drivers/Core/Src/stm32f4xx_hal_msp.d" -MT"Drivers/Core/Src/stm32f4xx_hal_msp.o" --specs=nano.specs -mfpu=fpv4-sp-d16 -mfloat-abi=hard -mthumb -o "Drivers/Core/Src/stm32f4xx_hal_msp.o"
arm-none-eabi-gcc "../Drivers/Core/Src/stm32f4xx_it.c" -mcpu=cortex-m4 -std=gnu11 -g3 -DDEBUG -DUSE_HAL_DRIVER -DSTM32F401xE -c -I../Drivers/STM32F4xx_HAL_Driver/Inc -I../Drivers/STM32F4xx_HAL_Driver/Inc/Legacy -I../Drivers/CMSIS/Device/ST/STM32F4xx/Include -I../Drivers/CMSIS/Include -I"/home/fm/CESE/PdM_workspace/Practica_4.2/Drivers/API/inc" -I"/home/fm/CESE/PdM_workspace/Practica_4.2/Inc" -I/home/fm/CESE/PdM_workspace/Practica_4.2/Drivers/Core/Inc -O0 -ffunction-sections -fdata-sections -Wall -fstack-usage -fcyclomatic-complexity -MMD -MP -MF"Drivers/Core/Src/stm32f4xx_it.d" -MT"Drivers/Core/Src/stm32f4xx_it.o" --specs=nano.specs -mfpu=fpv4-sp-d16 -mfloat-abi=hard -mthumb -o "Drivers/Core/Src/stm32f4xx_it.o"
arm-none-eabi-gcc "../Drivers/API/src/API_debounce.c" -mcpu=cortex-m4 -std=gnu11 -g3 -DDEBUG -DUSE_HAL_DRIVER -DSTM32F401xE -c -I../Drivers/STM32F4xx_HAL_Driver/Inc -I../Drivers/STM32F4xx_HAL_Driver/Inc/Legacy -I../Drivers/CMSIS/Device/ST/STM32F4xx/Include -I../Drivers/CMSIS/Include -I"/home/fm/CESE/PdM_workspace/Practica_4.2/Drivers/API/inc" -I"/home/fm/CESE/PdM_workspace/Practica_4.2/Inc" -I/home/fm/CESE/PdM_workspace/Practica_4.2/Drivers/Core/Inc -O0 -ffunction-sections -fdata-sections -Wall -fstack-usage -fcyclomatic-complexity -MMD -MP -MF"Drivers/API/src/API_debounce.d" -MT"Drivers/API/src/API_debounce.o" --specs=nano.specs -mfpu=fpv4-sp-d16 -mfloat-abi=hard -mthumb -o "Drivers/API/src/API_debounce.o"
../Drivers/API/src/API_debounce.c:106:15: warning: 'readKey' defined but not used [-Wunused-function]
  106 | static bool_t readKey()
      |               ^~~~~~~
arm-none-eabi-gcc -o "Practica_4.2.elf" @"objects.list"   -mcpu=cortex-m4 -T"/home/fm/CESE/PdM_workspace/Practica_4.2/STM32F401RETX_FLASH.ld" --specs=nosys.specs -Wl,-Map="Practica_4.2.map" -Wl,--gc-sections -static --specs=nano.specs -mfpu=fpv4-sp-d16 -mfloat-abi=hard -mthumb -Wl,--start-group -lc -lm -Wl,--end-group
Finished building target: Practica_4.2.elf
 
arm-none-eabi-size   Practica_4.2.elf 
arm-none-eabi-objdump -h -S  Practica_4.2.elf  > "Practica_4.2.list"
   text	   data	    bss	    dec	    hex	filename
   8380	     24	   1656	  10060	   274c	Practica_4.2.elf
Finished building: default.size.stdout
 
Finished building: Practica_4.2.list
 
23:06:21 **** Incremental Build of configuration Debug for project Practica_4.2 ****
make -j12 all 
arm-none-eabi-gcc "../Src/main.c" -mcpu=cortex-m4 -std=gnu11 -g3 -DDEBUG -DUSE_HAL_DRIVER -DSTM32F401xE -c -I../Drivers/STM32F4xx_HAL_Driver/Inc -I../Drivers/STM32F4xx_HAL_Driver/Inc/Legacy -I../Drivers/CMSIS/Device/ST/STM32F4xx/Include -I../Drivers/CMSIS/Include -I"/home/fm/CESE/PdM_workspace/Practica_4.2/Drivers/API/inc" -I"/home/fm/CESE/PdM_workspace/Practica_4.2/Inc" -I/home/fm/CESE/PdM_workspace/Practica_4.2/Drivers/Core/Inc -O0 -ffunction-sections -fdata-sections -Wall -fstack-usage -fcyclomatic-complexity -MMD -MP -MF"Src/main.d" -MT"Src/main.o" --specs=nano.specs -mfpu=fpv4-sp-d16 -mfloat-abi=hard -mthumb -o "Src/main.o"
arm-none-eabi-gcc "../Drivers/API/src/API_debounce.c" -mcpu=cortex-m4 -std=gnu11 -g3 -DDEBUG -DUSE_HAL_DRIVER -DSTM32F401xE -c -I../Drivers/STM32F4xx_HAL_Driver/Inc -I../Drivers/STM32F4xx_HAL_Driver/Inc/Legacy -I../Drivers/CMSIS/Device/ST/STM32F4xx/Include -I../Drivers/CMSIS/Include -I"/home/fm/CESE/PdM_workspace/Practica_4.2/Drivers/API/inc" -I"/home/fm/CESE/PdM_workspace/Practica_4.2/Inc" -I/home/fm/CESE/PdM_workspace/Practica_4.2/Drivers/Core/Inc -O0 -ffunction-sections -fdata-sections -Wall -fstack-usage -fcyclomatic-complexity -MMD -MP -MF"Drivers/API/src/API_debounce.d" -MT"Drivers/API/src/API_debounce.o" --specs=nano.specs -mfpu=fpv4-sp-d16 -mfloat-abi=hard -mthumb -o "Drivers/API/src/API_debounce.o"
../Drivers/API/src/API_debounce.c:106:8: warning: 'readKey' defined but not used [-Wunused-function]
  106 | bool_t readKey()
      |        ^~~~~~~
../Src/main.c: In function 'main':
../Src/main.c:122:14: warning: implicit declaration of function 'readKey' [-Wimplicit-function-declaration]
  122 |           if(readKey())
      |              ^~~~~~~
arm-none-eabi-gcc -o "Practica_4.2.elf" @"objects.list"   -mcpu=cortex-m4 -T"/home/fm/CESE/PdM_workspace/Practica_4.2/STM32F401RETX_FLASH.ld" --specs=nosys.specs -Wl,-Map="Practica_4.2.map" -Wl,--gc-sections -static --specs=nano.specs -mfpu=fpv4-sp-d16 -mfloat-abi=hard -mthumb -Wl,--start-group -lc -lm -Wl,--end-group
/opt/st/stm32cubeide_1.13.0/plugins/com.st.stm32cube.ide.mcu.externaltools.gnu-tools-for-stm32.11.3.rel1.linux64_1.1.0.202305231506/tools/bin/../lib/gcc/arm-none-eabi/11.3.1/../../../../arm-none-eabi/bin/ld: ./Src/main.o: in function `main':
/home/fm/CESE/PdM_workspace/Practica_4.2/Debug/../Src/main.c:122: undefined reference to `readKey'
collect2: error: ld returned 1 exit status
make: *** [makefile:66: Practica_4.2.elf] Error 1
"make -j12 all" terminated with exit code 2. Build might be incomplete.
23:08:30 **** Incremental Build of configuration Debug for project Practica_4.2 ****
make -j12 all 
arm-none-eabi-gcc "../Src/main.c" -mcpu=cortex-m4 -std=gnu11 -g3 -DDEBUG -DUSE_HAL_DRIVER -DSTM32F401xE -c -I../Drivers/STM32F4xx_HAL_Driver/Inc -I../Drivers/STM32F4xx_HAL_Driver/Inc/Legacy -I../Drivers/CMSIS/Device/ST/STM32F4xx/Include -I../Drivers/CMSIS/Include -I"/home/fm/CESE/PdM_workspace/Practica_4.2/Drivers/API/inc" -I"/home/fm/CESE/PdM_workspace/Practica_4.2/Inc" -I/home/fm/CESE/PdM_workspace/Practica_4.2/Drivers/Core/Inc -O0 -ffunction-sections -fdata-sections -Wall -fstack-usage -fcyclomatic-complexity -MMD -MP -MF"Src/main.d" -MT"Src/main.o" --specs=nano.specs -mfpu=fpv4-sp-d16 -mfloat-abi=hard -mthumb -o "Src/main.o"
arm-none-eabi-gcc "../Drivers/API/src/API_debounce.c" -mcpu=cortex-m4 -std=gnu11 -g3 -DDEBUG -DUSE_HAL_DRIVER -DSTM32F401xE -c -I../Drivers/STM32F4xx_HAL_Driver/Inc -I../Drivers/STM32F4xx_HAL_Driver/Inc/Legacy -I../Drivers/CMSIS/Device/ST/STM32F4xx/Include -I../Drivers/CMSIS/Include -I"/home/fm/CESE/PdM_workspace/Practica_4.2/Drivers/API/inc" -I"/home/fm/CESE/PdM_workspace/Practica_4.2/Inc" -I/home/fm/CESE/PdM_workspace/Practica_4.2/Drivers/Core/Inc -O0 -ffunction-sections -fdata-sections -Wall -fstack-usage -fcyclomatic-complexity -MMD -MP -MF"Drivers/API/src/API_debounce.d" -MT"Drivers/API/src/API_debounce.o" --specs=nano.specs -mfpu=fpv4-sp-d16 -mfloat-abi=hard -mthumb -o "Drivers/API/src/API_debounce.o"
../Drivers/API/src/API_debounce.c:22:15: error: static declaration of 'readKey' follows non-static declaration
   22 | static bool_t readKey();                                                                        // Devuelve estado de tecla
      |               ^~~~~~~
In file included from ../Drivers/API/src/API_debounce.c:9:
/home/fm/CESE/PdM_workspace/Practica_4.2/Drivers/API/inc/API_debounce.h:23:8: note: previous declaration of 'readKey' with type 'bool_t()' {aka '_Bool()'}
   23 | bool_t readKey();                                                                       // Devuelve estado de tecla presionada
      |        ^~~~~~~
../Drivers/API/src/API_debounce.c:106:8: warning: 'readKey' defined but not used [-Wunused-function]
  106 | bool_t readKey()
      |        ^~~~~~~
make: *** [Drivers/API/src/subdir.mk:22: Drivers/API/src/API_debounce.o] Error 1
make: *** Waiting for unfinished jobs....
"make -j12 all" terminated with exit code 2. Build might be incomplete.
23:08:59 **** Incremental Build of configuration Debug for project Practica_4.2 ****
make -j12 all 
arm-none-eabi-gcc "../Drivers/API/src/API_debounce.c" -mcpu=cortex-m4 -std=gnu11 -g3 -DDEBUG -DUSE_HAL_DRIVER -DSTM32F401xE -c -I../Drivers/STM32F4xx_HAL_Driver/Inc -I../Drivers/STM32F4xx_HAL_Driver/Inc/Legacy -I../Drivers/CMSIS/Device/ST/STM32F4xx/Include -I../Drivers/CMSIS/Include -I"/home/fm/CESE/PdM_workspace/Practica_4.2/Drivers/API/inc" -I"/home/fm/CESE/PdM_workspace/Practica_4.2/Inc" -I/home/fm/CESE/PdM_workspace/Practica_4.2/Drivers/Core/Inc -O0 -ffunction-sections -fdata-sections -Wall -fstack-usage -fcyclomatic-complexity -MMD -MP -MF"Drivers/API/src/API_debounce.d" -MT"Drivers/API/src/API_debounce.o" --specs=nano.specs -mfpu=fpv4-sp-d16 -mfloat-abi=hard -mthumb -o "Drivers/API/src/API_debounce.o"
arm-none-eabi-gcc -o "Practica_4.2.elf" @"objects.list"   -mcpu=cortex-m4 -T"/home/fm/CESE/PdM_workspace/Practica_4.2/STM32F401RETX_FLASH.ld" --specs=nosys.specs -Wl,-Map="Practica_4.2.map" -Wl,--gc-sections -static --specs=nano.specs -mfpu=fpv4-sp-d16 -mfloat-abi=hard -mthumb -Wl,--start-group -lc -lm -Wl,--end-group
Finished building target: Practica_4.2.elf
 
arm-none-eabi-size   Practica_4.2.elf 
arm-none-eabi-objdump -h -S  Practica_4.2.elf  > "Practica_4.2.list"
   text	   data	    bss	    dec	    hex	filename
   8528	     24	   1656	  10208	   27e0	Practica_4.2.elf
Finished building: default.size.stdout
 
Finished building: Practica_4.2.list
 
23:14:26 **** Incremental Build of configuration Debug for project Practica_4.2 ****
make -j12 all 
arm-none-eabi-gcc "../Src/main.c" -mcpu=cortex-m4 -std=gnu11 -g3 -DDEBUG -DUSE_HAL_DRIVER -DSTM32F401xE -c -I../Drivers/STM32F4xx_HAL_Driver/Inc -I../Drivers/STM32F4xx_HAL_Driver/Inc/Legacy -I../Drivers/CMSIS/Device/ST/STM32F4xx/Include -I../Drivers/CMSIS/Include -I"/home/fm/CESE/PdM_workspace/Practica_4.2/Drivers/API/inc" -I"/home/fm/CESE/PdM_workspace/Practica_4.2/Inc" -I/home/fm/CESE/PdM_workspace/Practica_4.2/Drivers/Core/Inc -O0 -ffunction-sections -fdata-sections -Wall -fstack-usage -fcyclomatic-complexity -MMD -MP -MF"Src/main.d" -MT"Src/main.o" --specs=nano.specs -mfpu=fpv4-sp-d16 -mfloat-abi=hard -mthumb -o "Src/main.o"
arm-none-eabi-gcc -o "Practica_4.2.elf" @"objects.list"   -mcpu=cortex-m4 -T"/home/fm/CESE/PdM_workspace/Practica_4.2/STM32F401RETX_FLASH.ld" --specs=nosys.specs -Wl,-Map="Practica_4.2.map" -Wl,--gc-sections -static --specs=nano.specs -mfpu=fpv4-sp-d16 -mfloat-abi=hard -mthumb -Wl,--start-group -lc -lm -Wl,--end-group
Finished building target: Practica_4.2.elf
 
arm-none-eabi-size   Practica_4.2.elf 
arm-none-eabi-objdump -h -S  Practica_4.2.elf  > "Practica_4.2.list"
   text	   data	    bss	    dec	    hex	filename
   8556	     24	   1656	  10236	   27fc	Practica_4.2.elf
Finished building: default.size.stdout
 
Finished building: Practica_4.2.list
 
23:14:33 **** Incremental Build of configuration Debug for project Practica_4.2 ****
make -j12 all 
arm-none-eabi-size   Practica_4.2.elf 
   text	   data	    bss	    dec	    hex	filename
   8556	     24	   1656	  10236	   27fc	Practica_4.2.elf
Finished building: default.size.stdout
 
23:19:29 **** Incremental Build of configuration Debug for project Practica_4.2 ****
make -j12 all 
arm-none-eabi-gcc "../Src/main.c" -mcpu=cortex-m4 -std=gnu11 -g3 -DDEBUG -DUSE_HAL_DRIVER -DSTM32F401xE -c -I../Drivers/STM32F4xx_HAL_Driver/Inc -I../Drivers/STM32F4xx_HAL_Driver/Inc/Legacy -I../Drivers/CMSIS/Device/ST/STM32F4xx/Include -I../Drivers/CMSIS/Include -I"/home/fm/CESE/PdM_workspace/Practica_4.2/Drivers/API/inc" -I"/home/fm/CESE/PdM_workspace/Practica_4.2/Inc" -I/home/fm/CESE/PdM_workspace/Practica_4.2/Drivers/Core/Inc -O0 -ffunction-sections -fdata-sections -Wall -fstack-usage -fcyclomatic-complexity -MMD -MP -MF"Src/main.d" -MT"Src/main.o" --specs=nano.specs -mfpu=fpv4-sp-d16 -mfloat-abi=hard -mthumb -o "Src/main.o"
../Src/main.c: In function 'main':
../Src/main.c:125:30: warning: self-comparison always evaluates to false [-Wtautological-compare]
  125 |                   f_parpadeo != f_parpadeo;
      |                              ^~
../Src/main.c:125:19: warning: statement with no effect [-Wunused-value]
  125 |                   f_parpadeo != f_parpadeo;
      |                   ^~~~~~~~~~
arm-none-eabi-gcc -o "Practica_4.2.elf" @"objects.list"   -mcpu=cortex-m4 -T"/home/fm/CESE/PdM_workspace/Practica_4.2/STM32F401RETX_FLASH.ld" --specs=nosys.specs -Wl,-Map="Practica_4.2.map" -Wl,--gc-sections -static --specs=nano.specs -mfpu=fpv4-sp-d16 -mfloat-abi=hard -mthumb -Wl,--start-group -lc -lm -Wl,--end-group
Finished building target: Practica_4.2.elf
 
arm-none-eabi-size   Practica_4.2.elf 
arm-none-eabi-objdump -h -S  Practica_4.2.elf  > "Practica_4.2.list"
   text	   data	    bss	    dec	    hex	filename
   8556	     24	   1656	  10236	   27fc	Practica_4.2.elf
Finished building: default.size.stdout
 
Finished building: Practica_4.2.list
 
23:19:49 **** Incremental Build of configuration Debug for project Practica_4.2 ****
make -j12 all 
arm-none-eabi-size   Practica_4.2.elf 
   text	   data	    bss	    dec	    hex	filename
   8556	     24	   1656	  10236	   27fc	Practica_4.2.elf
Finished building: default.size.stdout
 
23:21:41 **** Incremental Build of configuration Debug for project Practica_4.2 ****
make -j12 all 
arm-none-eabi-gcc "../Src/main.c" -mcpu=cortex-m4 -std=gnu11 -g3 -DDEBUG -DUSE_HAL_DRIVER -DSTM32F401xE -c -I../Drivers/STM32F4xx_HAL_Driver/Inc -I../Drivers/STM32F4xx_HAL_Driver/Inc/Legacy -I../Drivers/CMSIS/Device/ST/STM32F4xx/Include -I../Drivers/CMSIS/Include -I"/home/fm/CESE/PdM_workspace/Practica_4.2/Drivers/API/inc" -I"/home/fm/CESE/PdM_workspace/Practica_4.2/Inc" -I/home/fm/CESE/PdM_workspace/Practica_4.2/Drivers/Core/Inc -O0 -ffunction-sections -fdata-sections -Wall -fstack-usage -fcyclomatic-complexity -MMD -MP -MF"Src/main.d" -MT"Src/main.o" --specs=nano.specs -mfpu=fpv4-sp-d16 -mfloat-abi=hard -mthumb -o "Src/main.o"
../Src/main.c: In function 'main':
../Src/main.c:125:30: warning: self-comparison always evaluates to false [-Wtautological-compare]
  125 |                   f_parpadeo != f_parpadeo;
      |                              ^~
../Src/main.c:125:19: warning: statement with no effect [-Wunused-value]
  125 |                   f_parpadeo != f_parpadeo;
      |                   ^~~~~~~~~~
arm-none-eabi-gcc -o "Practica_4.2.elf" @"objects.list"   -mcpu=cortex-m4 -T"/home/fm/CESE/PdM_workspace/Practica_4.2/STM32F401RETX_FLASH.ld" --specs=nosys.specs -Wl,-Map="Practica_4.2.map" -Wl,--gc-sections -static --specs=nano.specs -mfpu=fpv4-sp-d16 -mfloat-abi=hard -mthumb -Wl,--start-group -lc -lm -Wl,--end-group
Finished building target: Practica_4.2.elf
 
arm-none-eabi-size   Practica_4.2.elf 
arm-none-eabi-objdump -h -S  Practica_4.2.elf  > "Practica_4.2.list"
   text	   data	    bss	    dec	    hex	filename
   8548	     24	   1656	  10228	   27f4	Practica_4.2.elf
Finished building: default.size.stdout
 
Finished building: Practica_4.2.list
 
23:21:45 **** Incremental Build of configuration Debug for project Practica_4.2 ****
make -j12 all 
arm-none-eabi-size   Practica_4.2.elf 
   text	   data	    bss	    dec	    hex	filename
   8548	     24	   1656	  10228	   27f4	Practica_4.2.elf
Finished building: default.size.stdout
 
23:22:37 **** Incremental Build of configuration Debug for project Practica_4.2 ****
make -j12 all 
arm-none-eabi-size   Practica_4.2.elf 
   text	   data	    bss	    dec	    hex	filename
   8548	     24	   1656	  10228	   27f4	Practica_4.2.elf
Finished building: default.size.stdout
 
23:27:34 **** Incremental Build of configuration Debug for project Practica_4.2 ****
make -j12 all 
arm-none-eabi-gcc "../Drivers/API/src/API_debounce.c" -mcpu=cortex-m4 -std=gnu11 -g3 -DDEBUG -DUSE_HAL_DRIVER -DSTM32F401xE -c -I../Drivers/STM32F4xx_HAL_Driver/Inc -I../Drivers/STM32F4xx_HAL_Driver/Inc/Legacy -I../Drivers/CMSIS/Device/ST/STM32F4xx/Include -I../Drivers/CMSIS/Include -I"/home/fm/CESE/PdM_workspace/Practica_4.2/Drivers/API/inc" -I"/home/fm/CESE/PdM_workspace/Practica_4.2/Inc" -I/home/fm/CESE/PdM_workspace/Practica_4.2/Drivers/Core/Inc -O0 -ffunction-sections -fdata-sections -Wall -fstack-usage -fcyclomatic-complexity -MMD -MP -MF"Drivers/API/src/API_debounce.d" -MT"Drivers/API/src/API_debounce.o" --specs=nano.specs -mfpu=fpv4-sp-d16 -mfloat-abi=hard -mthumb -o "Drivers/API/src/API_debounce.o"
arm-none-eabi-gcc -o "Practica_4.2.elf" @"objects.list"   -mcpu=cortex-m4 -T"/home/fm/CESE/PdM_workspace/Practica_4.2/STM32F401RETX_FLASH.ld" --specs=nosys.specs -Wl,-Map="Practica_4.2.map" -Wl,--gc-sections -static --specs=nano.specs -mfpu=fpv4-sp-d16 -mfloat-abi=hard -mthumb -Wl,--start-group -lc -lm -Wl,--end-group
Finished building target: Practica_4.2.elf
 
arm-none-eabi-size   Practica_4.2.elf 
arm-none-eabi-objdump -h -S  Practica_4.2.elf  > "Practica_4.2.list"
   text	   data	    bss	    dec	    hex	filename
   8548	     24	   1656	  10228	   27f4	Practica_4.2.elf
Finished building: default.size.stdout
 
Finished building: Practica_4.2.list
 
23:27:40 **** Incremental Build of configuration Debug for project Practica_4.2 ****
make -j12 all 
arm-none-eabi-size   Practica_4.2.elf 
   text	   data	    bss	    dec	    hex	filename
   8548	     24	   1656	  10228	   27f4	Practica_4.2.elf
Finished building: default.size.stdout
 
23:35:40 **** Incremental Build of configuration Debug for project Practica_4.2 ****
make -j12 all 
arm-none-eabi-gcc "../Drivers/API/src/API_debounce.c" -mcpu=cortex-m4 -std=gnu11 -g3 -DDEBUG -DUSE_HAL_DRIVER -DSTM32F401xE -c -I../Drivers/STM32F4xx_HAL_Driver/Inc -I../Drivers/STM32F4xx_HAL_Driver/Inc/Legacy -I../Drivers/CMSIS/Device/ST/STM32F4xx/Include -I../Drivers/CMSIS/Include -I"/home/fm/CESE/PdM_workspace/Practica_4.2/Drivers/API/inc" -I"/home/fm/CESE/PdM_workspace/Practica_4.2/Inc" -I/home/fm/CESE/PdM_workspace/Practica_4.2/Drivers/Core/Inc -O0 -ffunction-sections -fdata-sections -Wall -fstack-usage -fcyclomatic-complexity -MMD -MP -MF"Drivers/API/src/API_debounce.d" -MT"Drivers/API/src/API_debounce.o" --specs=nano.specs -mfpu=fpv4-sp-d16 -mfloat-abi=hard -mthumb -o "Drivers/API/src/API_debounce.o"
arm-none-eabi-gcc -o "Practica_4.2.elf" @"objects.list"   -mcpu=cortex-m4 -T"/home/fm/CESE/PdM_workspace/Practica_4.2/STM32F401RETX_FLASH.ld" --specs=nosys.specs -Wl,-Map="Practica_4.2.map" -Wl,--gc-sections -static --specs=nano.specs -mfpu=fpv4-sp-d16 -mfloat-abi=hard -mthumb -Wl,--start-group -lc -lm -Wl,--end-group
Finished building target: Practica_4.2.elf
 
arm-none-eabi-size   Practica_4.2.elf 
arm-none-eabi-objdump -h -S  Practica_4.2.elf  > "Practica_4.2.list"
   text	   data	    bss	    dec	    hex	filename
   8548	     24	   1656	  10228	   27f4	Practica_4.2.elf
Finished building: default.size.stdout
 
Finished building: Practica_4.2.list
 
23:35:44 **** Incremental Build of configuration Debug for project Practica_4.2 ****
make -j12 all 
arm-none-eabi-size   Practica_4.2.elf 
   text	   data	    bss	    dec	    hex	filename
   8548	     24	   1656	  10228	   27f4	Practica_4.2.elf
Finished building: default.size.stdout
 
23:39:25 **** Incremental Build of configuration Debug for project Practica_4.2 ****
make -j12 all 
arm-none-eabi-gcc "../Src/main.c" -mcpu=cortex-m4 -std=gnu11 -g3 -DDEBUG -DUSE_HAL_DRIVER -DSTM32F401xE -c -I../Drivers/STM32F4xx_HAL_Driver/Inc -I../Drivers/STM32F4xx_HAL_Driver/Inc/Legacy -I../Drivers/CMSIS/Device/ST/STM32F4xx/Include -I../Drivers/CMSIS/Include -I"/home/fm/CESE/PdM_workspace/Practica_4.2/Drivers/API/inc" -I"/home/fm/CESE/PdM_workspace/Practica_4.2/Inc" -I/home/fm/CESE/PdM_workspace/Practica_4.2/Drivers/Core/Inc -O0 -ffunction-sections -fdata-sections -Wall -fstack-usage -fcyclomatic-complexity -MMD -MP -MF"Src/main.d" -MT"Src/main.o" --specs=nano.specs -mfpu=fpv4-sp-d16 -mfloat-abi=hard -mthumb -o "Src/main.o"
arm-none-eabi-gcc "../Drivers/Core/Src/stm32f4xx_hal_msp.c" -mcpu=cortex-m4 -std=gnu11 -g3 -DDEBUG -DUSE_HAL_DRIVER -DSTM32F401xE -c -I../Drivers/STM32F4xx_HAL_Driver/Inc -I../Drivers/STM32F4xx_HAL_Driver/Inc/Legacy -I../Drivers/CMSIS/Device/ST/STM32F4xx/Include -I../Drivers/CMSIS/Include -I"/home/fm/CESE/PdM_workspace/Practica_4.2/Drivers/API/inc" -I"/home/fm/CESE/PdM_workspace/Practica_4.2/Inc" -I/home/fm/CESE/PdM_workspace/Practica_4.2/Drivers/Core/Inc -O0 -ffunction-sections -fdata-sections -Wall -fstack-usage -fcyclomatic-complexity -MMD -MP -MF"Drivers/Core/Src/stm32f4xx_hal_msp.d" -MT"Drivers/Core/Src/stm32f4xx_hal_msp.o" --specs=nano.specs -mfpu=fpv4-sp-d16 -mfloat-abi=hard -mthumb -o "Drivers/Core/Src/stm32f4xx_hal_msp.o"
arm-none-eabi-gcc "../Drivers/Core/Src/stm32f4xx_it.c" -mcpu=cortex-m4 -std=gnu11 -g3 -DDEBUG -DUSE_HAL_DRIVER -DSTM32F401xE -c -I../Drivers/STM32F4xx_HAL_Driver/Inc -I../Drivers/STM32F4xx_HAL_Driver/Inc/Legacy -I../Drivers/CMSIS/Device/ST/STM32F4xx/Include -I../Drivers/CMSIS/Include -I"/home/fm/CESE/PdM_workspace/Practica_4.2/Drivers/API/inc" -I"/home/fm/CESE/PdM_workspace/Practica_4.2/Inc" -I/home/fm/CESE/PdM_workspace/Practica_4.2/Drivers/Core/Inc -O0 -ffunction-sections -fdata-sections -Wall -fstack-usage -fcyclomatic-complexity -MMD -MP -MF"Drivers/Core/Src/stm32f4xx_it.d" -MT"Drivers/Core/Src/stm32f4xx_it.o" --specs=nano.specs -mfpu=fpv4-sp-d16 -mfloat-abi=hard -mthumb -o "Drivers/Core/Src/stm32f4xx_it.o"
arm-none-eabi-gcc "../Drivers/API/src/API_debounce.c" -mcpu=cortex-m4 -std=gnu11 -g3 -DDEBUG -DUSE_HAL_DRIVER -DSTM32F401xE -c -I../Drivers/STM32F4xx_HAL_Driver/Inc -I../Drivers/STM32F4xx_HAL_Driver/Inc/Legacy -I../Drivers/CMSIS/Device/ST/STM32F4xx/Include -I../Drivers/CMSIS/Include -I"/home/fm/CESE/PdM_workspace/Practica_4.2/Drivers/API/inc" -I"/home/fm/CESE/PdM_workspace/Practica_4.2/Inc" -I/home/fm/CESE/PdM_workspace/Practica_4.2/Drivers/Core/Inc -O0 -ffunction-sections -fdata-sections -Wall -fstack-usage -fcyclomatic-complexity -MMD -MP -MF"Drivers/API/src/API_debounce.d" -MT"Drivers/API/src/API_debounce.o" --specs=nano.specs -mfpu=fpv4-sp-d16 -mfloat-abi=hard -mthumb -o "Drivers/API/src/API_debounce.o"
../Src/main.c: In function 'main':
../Src/main.c:125:30: warning: self-comparison always evaluates to false [-Wtautological-compare]
  125 |                   f_parpadeo != f_parpadeo;
      |                              ^~
../Src/main.c:125:19: warning: statement with no effect [-Wunused-value]
  125 |                   f_parpadeo != f_parpadeo;
      |                   ^~~~~~~~~~
arm-none-eabi-gcc -o "Practica_4.2.elf" @"objects.list"   -mcpu=cortex-m4 -T"/home/fm/CESE/PdM_workspace/Practica_4.2/STM32F401RETX_FLASH.ld" --specs=nosys.specs -Wl,-Map="Practica_4.2.map" -Wl,--gc-sections -static --specs=nano.specs -mfpu=fpv4-sp-d16 -mfloat-abi=hard -mthumb -Wl,--start-group -lc -lm -Wl,--end-group
Finished building target: Practica_4.2.elf
 
arm-none-eabi-size   Practica_4.2.elf 
arm-none-eabi-objdump -h -S  Practica_4.2.elf  > "Practica_4.2.list"
   text	   data	    bss	    dec	    hex	filename
   8548	     24	   1656	  10228	   27f4	Practica_4.2.elf
Finished building: default.size.stdout
 
Finished building: Practica_4.2.list
 
23:39:30 **** Incremental Build of configuration Debug for project Practica_4.2 ****
make -j12 all 
arm-none-eabi-size   Practica_4.2.elf 
   text	   data	    bss	    dec	    hex	filename
   8548	     24	   1656	  10228	   27f4	Practica_4.2.elf
Finished building: default.size.stdout
 
23:43:22 **** Incremental Build of configuration Debug for project Practica_4.2 ****
make -j12 all 
arm-none-eabi-gcc "../Drivers/API/src/API_debounce.c" -mcpu=cortex-m4 -std=gnu11 -g3 -DDEBUG -DUSE_HAL_DRIVER -DSTM32F401xE -c -I../Drivers/STM32F4xx_HAL_Driver/Inc -I../Drivers/STM32F4xx_HAL_Driver/Inc/Legacy -I../Drivers/CMSIS/Device/ST/STM32F4xx/Include -I../Drivers/CMSIS/Include -I"/home/fm/CESE/PdM_workspace/Practica_4.2/Drivers/API/inc" -I"/home/fm/CESE/PdM_workspace/Practica_4.2/Inc" -I/home/fm/CESE/PdM_workspace/Practica_4.2/Drivers/Core/Inc -O0 -ffunction-sections -fdata-sections -Wall -fstack-usage -fcyclomatic-complexity -MMD -MP -MF"Drivers/API/src/API_debounce.d" -MT"Drivers/API/src/API_debounce.o" --specs=nano.specs -mfpu=fpv4-sp-d16 -mfloat-abi=hard -mthumb -o "Drivers/API/src/API_debounce.o"
arm-none-eabi-gcc -o "Practica_4.2.elf" @"objects.list"   -mcpu=cortex-m4 -T"/home/fm/CESE/PdM_workspace/Practica_4.2/STM32F401RETX_FLASH.ld" --specs=nosys.specs -Wl,-Map="Practica_4.2.map" -Wl,--gc-sections -static --specs=nano.specs -mfpu=fpv4-sp-d16 -mfloat-abi=hard -mthumb -Wl,--start-group -lc -lm -Wl,--end-group
Finished building target: Practica_4.2.elf
 
arm-none-eabi-size   Practica_4.2.elf 
arm-none-eabi-objdump -h -S  Practica_4.2.elf  > "Practica_4.2.list"
   text	   data	    bss	    dec	    hex	filename
   8536	     24	   1656	  10216	   27e8	Practica_4.2.elf
Finished building: default.size.stdout
 
Finished building: Practica_4.2.list
 
23:43:25 **** Incremental Build of configuration Debug for project Practica_4.2 ****
make -j12 all 
arm-none-eabi-size   Practica_4.2.elf 
   text	   data	    bss	    dec	    hex	filename
   8536	     24	   1656	  10216	   27e8	Practica_4.2.elf
Finished building: default.size.stdout
 
23:44:02 **** Incremental Build of configuration Debug for project Practica_4.2 ****
make -j12 all 
arm-none-eabi-gcc "../Drivers/API/src/API_debounce.c" -mcpu=cortex-m4 -std=gnu11 -g3 -DDEBUG -DUSE_HAL_DRIVER -DSTM32F401xE -c -I../Drivers/STM32F4xx_HAL_Driver/Inc -I../Drivers/STM32F4xx_HAL_Driver/Inc/Legacy -I../Drivers/CMSIS/Device/ST/STM32F4xx/Include -I../Drivers/CMSIS/Include -I"/home/fm/CESE/PdM_workspace/Practica_4.2/Drivers/API/inc" -I"/home/fm/CESE/PdM_workspace/Practica_4.2/Inc" -I/home/fm/CESE/PdM_workspace/Practica_4.2/Drivers/Core/Inc -O0 -ffunction-sections -fdata-sections -Wall -fstack-usage -fcyclomatic-complexity -MMD -MP -MF"Drivers/API/src/API_debounce.d" -MT"Drivers/API/src/API_debounce.o" --specs=nano.specs -mfpu=fpv4-sp-d16 -mfloat-abi=hard -mthumb -o "Drivers/API/src/API_debounce.o"
arm-none-eabi-gcc -o "Practica_4.2.elf" @"objects.list"   -mcpu=cortex-m4 -T"/home/fm/CESE/PdM_workspace/Practica_4.2/STM32F401RETX_FLASH.ld" --specs=nosys.specs -Wl,-Map="Practica_4.2.map" -Wl,--gc-sections -static --specs=nano.specs -mfpu=fpv4-sp-d16 -mfloat-abi=hard -mthumb -Wl,--start-group -lc -lm -Wl,--end-group
Finished building target: Practica_4.2.elf
 
arm-none-eabi-size   Practica_4.2.elf 
arm-none-eabi-objdump -h -S  Practica_4.2.elf  > "Practica_4.2.list"
   text	   data	    bss	    dec	    hex	filename
   8548	     24	   1656	  10228	   27f4	Practica_4.2.elf
Finished building: default.size.stdout
 
Finished building: Practica_4.2.list
 
23:48:25 **** Incremental Build of configuration Debug for project Practica_4.2 ****
make -j12 all 
arm-none-eabi-gcc "../Src/main.c" -mcpu=cortex-m4 -std=gnu11 -g3 -DDEBUG -DUSE_HAL_DRIVER -DSTM32F401xE -c -I../Drivers/STM32F4xx_HAL_Driver/Inc -I../Drivers/STM32F4xx_HAL_Driver/Inc/Legacy -I../Drivers/CMSIS/Device/ST/STM32F4xx/Include -I../Drivers/CMSIS/Include -I"/home/fm/CESE/PdM_workspace/Practica_4.2/Drivers/API/inc" -I"/home/fm/CESE/PdM_workspace/Practica_4.2/Inc" -I/home/fm/CESE/PdM_workspace/Practica_4.2/Drivers/Core/Inc -O0 -ffunction-sections -fdata-sections -Wall -fstack-usage -fcyclomatic-complexity -MMD -MP -MF"Src/main.d" -MT"Src/main.o" --specs=nano.specs -mfpu=fpv4-sp-d16 -mfloat-abi=hard -mthumb -o "Src/main.o"
../Src/main.c: In function 'main':
../Src/main.c:125:19: error: expected expression before '!=' token
  125 |                   != f_parpadeo;
      |                   ^~
make: *** [Src/subdir.mk:19: Src/main.o] Error 1
"make -j12 all" terminated with exit code 2. Build might be incomplete.
23:51:11 **** Incremental Build of configuration Debug for project Practica_4.2 ****
make -j12 all 
arm-none-eabi-gcc "../Src/main.c" -mcpu=cortex-m4 -std=gnu11 -g3 -DDEBUG -DUSE_HAL_DRIVER -DSTM32F401xE -c -I../Drivers/STM32F4xx_HAL_Driver/Inc -I../Drivers/STM32F4xx_HAL_Driver/Inc/Legacy -I../Drivers/CMSIS/Device/ST/STM32F4xx/Include -I../Drivers/CMSIS/Include -I"/home/fm/CESE/PdM_workspace/Practica_4.2/Drivers/API/inc" -I"/home/fm/CESE/PdM_workspace/Practica_4.2/Inc" -I/home/fm/CESE/PdM_workspace/Practica_4.2/Drivers/Core/Inc -O0 -ffunction-sections -fdata-sections -Wall -fstack-usage -fcyclomatic-complexity -MMD -MP -MF"Src/main.d" -MT"Src/main.o" --specs=nano.specs -mfpu=fpv4-sp-d16 -mfloat-abi=hard -mthumb -o "Src/main.o"
arm-none-eabi-gcc -o "Practica_4.2.elf" @"objects.list"   -mcpu=cortex-m4 -T"/home/fm/CESE/PdM_workspace/Practica_4.2/STM32F401RETX_FLASH.ld" --specs=nosys.specs -Wl,-Map="Practica_4.2.map" -Wl,--gc-sections -static --specs=nano.specs -mfpu=fpv4-sp-d16 -mfloat-abi=hard -mthumb -Wl,--start-group -lc -lm -Wl,--end-group
Finished building target: Practica_4.2.elf
 
arm-none-eabi-size   Practica_4.2.elf 
arm-none-eabi-objdump -h -S  Practica_4.2.elf  > "Practica_4.2.list"
   text	   data	    bss	    dec	    hex	filename
   8564	     24	   1656	  10244	   2804	Practica_4.2.elf
Finished building: default.size.stdout
 
Finished building: Practica_4.2.list
 
23:51:14 **** Incremental Build of configuration Debug for project Practica_4.2 ****
make -j12 all 
arm-none-eabi-size   Practica_4.2.elf 
   text	   data	    bss	    dec	    hex	filename
   8564	     24	   1656	  10244	   2804	Practica_4.2.elf
Finished building: default.size.stdout
 
23:53:38 **** Incremental Build of configuration Debug for project Practica_4.2 ****
make -j12 all 
arm-none-eabi-gcc "../Src/main.c" -mcpu=cortex-m4 -std=gnu11 -g3 -DDEBUG -DUSE_HAL_DRIVER -DSTM32F401xE -c -I../Drivers/STM32F4xx_HAL_Driver/Inc -I../Drivers/STM32F4xx_HAL_Driver/Inc/Legacy -I../Drivers/CMSIS/Device/ST/STM32F4xx/Include -I../Drivers/CMSIS/Include -I"/home/fm/CESE/PdM_workspace/Practica_4.2/Drivers/API/inc" -I"/home/fm/CESE/PdM_workspace/Practica_4.2/Inc" -I/home/fm/CESE/PdM_workspace/Practica_4.2/Drivers/Core/Inc -O0 -ffunction-sections -fdata-sections -Wall -fstack-usage -fcyclomatic-complexity -MMD -MP -MF"Src/main.d" -MT"Src/main.o" --specs=nano.specs -mfpu=fpv4-sp-d16 -mfloat-abi=hard -mthumb -o "Src/main.o"
arm-none-eabi-gcc "../Drivers/Core/Src/stm32f4xx_hal_msp.c" -mcpu=cortex-m4 -std=gnu11 -g3 -DDEBUG -DUSE_HAL_DRIVER -DSTM32F401xE -c -I../Drivers/STM32F4xx_HAL_Driver/Inc -I../Drivers/STM32F4xx_HAL_Driver/Inc/Legacy -I../Drivers/CMSIS/Device/ST/STM32F4xx/Include -I../Drivers/CMSIS/Include -I"/home/fm/CESE/PdM_workspace/Practica_4.2/Drivers/API/inc" -I"/home/fm/CESE/PdM_workspace/Practica_4.2/Inc" -I/home/fm/CESE/PdM_workspace/Practica_4.2/Drivers/Core/Inc -O0 -ffunction-sections -fdata-sections -Wall -fstack-usage -fcyclomatic-complexity -MMD -MP -MF"Drivers/Core/Src/stm32f4xx_hal_msp.d" -MT"Drivers/Core/Src/stm32f4xx_hal_msp.o" --specs=nano.specs -mfpu=fpv4-sp-d16 -mfloat-abi=hard -mthumb -o "Drivers/Core/Src/stm32f4xx_hal_msp.o"
arm-none-eabi-gcc "../Drivers/Core/Src/stm32f4xx_it.c" -mcpu=cortex-m4 -std=gnu11 -g3 -DDEBUG -DUSE_HAL_DRIVER -DSTM32F401xE -c -I../Drivers/STM32F4xx_HAL_Driver/Inc -I../Drivers/STM32F4xx_HAL_Driver/Inc/Legacy -I../Drivers/CMSIS/Device/ST/STM32F4xx/Include -I../Drivers/CMSIS/Include -I"/home/fm/CESE/PdM_workspace/Practica_4.2/Drivers/API/inc" -I"/home/fm/CESE/PdM_workspace/Practica_4.2/Inc" -I/home/fm/CESE/PdM_workspace/Practica_4.2/Drivers/Core/Inc -O0 -ffunction-sections -fdata-sections -Wall -fstack-usage -fcyclomatic-complexity -MMD -MP -MF"Drivers/Core/Src/stm32f4xx_it.d" -MT"Drivers/Core/Src/stm32f4xx_it.o" --specs=nano.specs -mfpu=fpv4-sp-d16 -mfloat-abi=hard -mthumb -o "Drivers/Core/Src/stm32f4xx_it.o"
arm-none-eabi-gcc "../Drivers/API/src/API_debounce.c" -mcpu=cortex-m4 -std=gnu11 -g3 -DDEBUG -DUSE_HAL_DRIVER -DSTM32F401xE -c -I../Drivers/STM32F4xx_HAL_Driver/Inc -I../Drivers/STM32F4xx_HAL_Driver/Inc/Legacy -I../Drivers/CMSIS/Device/ST/STM32F4xx/Include -I../Drivers/CMSIS/Include -I"/home/fm/CESE/PdM_workspace/Practica_4.2/Drivers/API/inc" -I"/home/fm/CESE/PdM_workspace/Practica_4.2/Inc" -I/home/fm/CESE/PdM_workspace/Practica_4.2/Drivers/Core/Inc -O0 -ffunction-sections -fdata-sections -Wall -fstack-usage -fcyclomatic-complexity -MMD -MP -MF"Drivers/API/src/API_debounce.d" -MT"Drivers/API/src/API_debounce.o" --specs=nano.specs -mfpu=fpv4-sp-d16 -mfloat-abi=hard -mthumb -o "Drivers/API/src/API_debounce.o"
arm-none-eabi-gcc -o "Practica_4.2.elf" @"objects.list"   -mcpu=cortex-m4 -T"/home/fm/CESE/PdM_workspace/Practica_4.2/STM32F401RETX_FLASH.ld" --specs=nosys.specs -Wl,-Map="Practica_4.2.map" -Wl,--gc-sections -static --specs=nano.specs -mfpu=fpv4-sp-d16 -mfloat-abi=hard -mthumb -Wl,--start-group -lc -lm -Wl,--end-group
Finished building target: Practica_4.2.elf
 
arm-none-eabi-size   Practica_4.2.elf 
arm-none-eabi-objdump -h -S  Practica_4.2.elf  > "Practica_4.2.list"
   text	   data	    bss	    dec	    hex	filename
   8564	     24	   1656	  10244	   2804	Practica_4.2.elf
Finished building: default.size.stdout
 
Finished building: Practica_4.2.list
 
23:53:41 **** Incremental Build of configuration Debug for project Practica_4.2 ****
make -j12 all 
arm-none-eabi-size   Practica_4.2.elf 
   text	   data	    bss	    dec	    hex	filename
   8564	     24	   1656	  10244	   2804	Practica_4.2.elf
Finished building: default.size.stdout
 
15:59:43 **** Incremental Build of configuration Debug for project Practica_4.2 ****
make -j12 all 
arm-none-eabi-gcc "../Src/main.c" -mcpu=cortex-m4 -std=gnu11 -g3 -DDEBUG -DUSE_HAL_DRIVER -DSTM32F401xE -c -I../Drivers/STM32F4xx_HAL_Driver/Inc -I../Drivers/STM32F4xx_HAL_Driver/Inc/Legacy -I../Drivers/CMSIS/Device/ST/STM32F4xx/Include -I../Drivers/CMSIS/Include -I"/home/fm/CESE/PdM_workspace/Practica_4.2/Drivers/API/inc" -I"/home/fm/CESE/PdM_workspace/Practica_4.2/Inc" -I/home/fm/CESE/PdM_workspace/Practica_4.2/Drivers/Core/Inc -O0 -ffunction-sections -fdata-sections -Wall -fstack-usage -fcyclomatic-complexity -MMD -MP -MF"Src/main.d" -MT"Src/main.o" --specs=nano.specs -mfpu=fpv4-sp-d16 -mfloat-abi=hard -mthumb -o "Src/main.o"
arm-none-eabi-gcc "../Drivers/API/src/API_debounce.c" -mcpu=cortex-m4 -std=gnu11 -g3 -DDEBUG -DUSE_HAL_DRIVER -DSTM32F401xE -c -I../Drivers/STM32F4xx_HAL_Driver/Inc -I../Drivers/STM32F4xx_HAL_Driver/Inc/Legacy -I../Drivers/CMSIS/Device/ST/STM32F4xx/Include -I../Drivers/CMSIS/Include -I"/home/fm/CESE/PdM_workspace/Practica_4.2/Drivers/API/inc" -I"/home/fm/CESE/PdM_workspace/Practica_4.2/Inc" -I/home/fm/CESE/PdM_workspace/Practica_4.2/Drivers/Core/Inc -O0 -ffunction-sections -fdata-sections -Wall -fstack-usage -fcyclomatic-complexity -MMD -MP -MF"Drivers/API/src/API_debounce.d" -MT"Drivers/API/src/API_debounce.o" --specs=nano.specs -mfpu=fpv4-sp-d16 -mfloat-abi=hard -mthumb -o "Drivers/API/src/API_debounce.o"
arm-none-eabi-gcc -o "Practica_4.2.elf" @"objects.list"   -mcpu=cortex-m4 -T"/home/fm/CESE/PdM_workspace/Practica_4.2/STM32F401RETX_FLASH.ld" --specs=nosys.specs -Wl,-Map="Practica_4.2.map" -Wl,--gc-sections -static --specs=nano.specs -mfpu=fpv4-sp-d16 -mfloat-abi=hard -mthumb -Wl,--start-group -lc -lm -Wl,--end-group
Finished building target: Practica_4.2.elf
 
arm-none-eabi-size   Practica_4.2.elf 
arm-none-eabi-objdump -h -S  Practica_4.2.elf  > "Practica_4.2.list"
   text	   data	    bss	    dec	    hex	filename
   8524	     24	   1656	  10204	   27dc	Practica_4.2.elf
Finished building: default.size.stdout
 
Finished building: Practica_4.2.list
 
15:59:53 **** Incremental Build of configuration Debug for project Practica_4.2 ****
make -j12 all 
arm-none-eabi-size   Practica_4.2.elf 
   text	   data	    bss	    dec	    hex	filename
   8524	     24	   1656	  10204	   27dc	Practica_4.2.elf
Finished building: default.size.stdout
 
